Component: ARM Compiler 6.14 Tool: armlink [5db06800]

==============================================================================

Section Cross References

    dsp.o(.text.dsp_hamming) refers to fastmathfunctions.o(.text.arm_cos_f32) for arm_cos_f32
    dsp.o(.ARM.exidx.text.dsp_hamming) refers to dsp.o(.text.dsp_hamming) for [Anonymous Symbol]
    dsp.o(.ARM.exidx.text.dsp_int2float) refers to dsp.o(.text.dsp_int2float) for [Anonymous Symbol]
    dsp.o(.text.dsp_fft_init) refers to dsp.o(.bss.fft_handler) for fft_handler
    dsp.o(.text.dsp_fft_init) refers to transformfunctions.o(.text.arm_rfft_fast_init_f32) for arm_rfft_fast_init_f32
    dsp.o(.ARM.exidx.text.dsp_fft_init) refers to dsp.o(.text.dsp_fft_init) for [Anonymous Symbol]
    dsp.o(.text.dsp_fft) refers to dsp.o(.bss.fft_handler) for fft_handler
    dsp.o(.text.dsp_fft) refers to transformfunctions.o(.text.arm_rfft_fast_f32) for arm_rfft_fast_f32
    dsp.o(.text.dsp_fft) refers to complexmathfunctions.o(.text.arm_cmplx_mag_f32) for arm_cmplx_mag_f32
    dsp.o(.ARM.exidx.text.dsp_fft) refers to dsp.o(.text.dsp_fft) for [Anonymous Symbol]
    dsp.o(.ARM.exidx.text.dsp_f2i) refers to dsp.o(.text.dsp_f2i) for [Anonymous Symbol]
    dsp.o(.ARM.exidx.text.dsp_i2f) refers to dsp.o(.text.dsp_i2f) for [Anonymous Symbol]
    main.o(.text) refers (Special) to _printf_d.o(.ARM.Collect$$_printf_percent$$00000009) for _printf_d
    main.o(.text) refers (Special) to _printf_dec.o(.text) for _printf_int_dec
    main.o(.text) refers (Special) to _printf_percent.o(.ARM.Collect$$_printf_percent$$00000000) for _printf_percent
    main.o(.text) refers (Special) to _scanf_str.o(.text) for _scanf_string
    main.o(.text.main) refers (Special) to _printf_d.o(.ARM.Collect$$_printf_percent$$00000009) for _printf_d
    main.o(.text.main) refers (Special) to _printf_dec.o(.text) for _printf_int_dec
    main.o(.text.main) refers (Special) to _printf_percent.o(.ARM.Collect$$_printf_percent$$00000000) for _printf_percent
    main.o(.text.main) refers (Special) to _scanf_str.o(.text) for _scanf_string
    main.o(.text.main) refers to stm32f7xx_hal.o(.text.HAL_Init) for HAL_Init
    main.o(.text.main) refers to main.o(.text.SystemClock_Config) for SystemClock_Config
    main.o(.text.main) refers to main.o(.text.MX_GPIO_Init) for MX_GPIO_Init
    main.o(.text.main) refers to main.o(.text.MX_DMA_Init) for MX_DMA_Init
    main.o(.text.main) refers to main.o(.text.MX_SPDIFRX_Init) for MX_SPDIFRX_Init
    main.o(.text.main) refers to main.o(.text.MX_USART3_UART_Init) for MX_USART3_UART_Init
    main.o(.text.main) refers to __0scanf.o(.text) for __0scanf
    main.o(.text.main) refers to puts.o(.text) for puts
    main.o(.ARM.exidx.text.main) refers (Special) to _printf_d.o(.ARM.Collect$$_printf_percent$$00000009) for _printf_d
    main.o(.ARM.exidx.text.main) refers (Special) to _printf_dec.o(.text) for _printf_int_dec
    main.o(.ARM.exidx.text.main) refers (Special) to _printf_percent.o(.ARM.Collect$$_printf_percent$$00000000) for _printf_percent
    main.o(.ARM.exidx.text.main) refers (Special) to _scanf_str.o(.text) for _scanf_string
    main.o(.ARM.exidx.text.main) refers to main.o(.text.main) for [Anonymous Symbol]
    main.o(.text.SystemClock_Config) refers (Special) to _printf_d.o(.ARM.Collect$$_printf_percent$$00000009) for _printf_d
    main.o(.text.SystemClock_Config) refers (Special) to _printf_dec.o(.text) for _printf_int_dec
    main.o(.text.SystemClock_Config) refers (Special) to _printf_percent.o(.ARM.Collect$$_printf_percent$$00000000) for _printf_percent
    main.o(.text.SystemClock_Config) refers (Special) to _scanf_str.o(.text) for _scanf_string
    main.o(.text.SystemClock_Config) refers to rt_memclr_w.o(.text) for __aeabi_memclr4
    main.o(.text.SystemClock_Config) refers to stm32f7xx_hal_rcc.o(.text.HAL_RCC_OscConfig) for HAL_RCC_OscConfig
    main.o(.text.SystemClock_Config) refers to stm32f7xx_hal_pwr_ex.o(.text.HAL_PWREx_EnableOverDrive) for HAL_PWREx_EnableOverDrive
    main.o(.text.SystemClock_Config) refers to stm32f7xx_hal_rcc.o(.text.HAL_RCC_ClockConfig) for HAL_RCC_ClockConfig
    main.o(.text.SystemClock_Config) refers to stm32f7xx_hal_rcc_ex.o(.text.HAL_RCCEx_PeriphCLKConfig) for HAL_RCCEx_PeriphCLKConfig
    main.o(.text.SystemClock_Config) refers to main.o(.text.Error_Handler) for Error_Handler
    main.o(.ARM.exidx.text.SystemClock_Config) refers (Special) to _printf_d.o(.ARM.Collect$$_printf_percent$$00000009) for _printf_d
    main.o(.ARM.exidx.text.SystemClock_Config) refers (Special) to _printf_dec.o(.text) for _printf_int_dec
    main.o(.ARM.exidx.text.SystemClock_Config) refers (Special) to _printf_percent.o(.ARM.Collect$$_printf_percent$$00000000) for _printf_percent
    main.o(.ARM.exidx.text.SystemClock_Config) refers (Special) to _scanf_str.o(.text) for _scanf_string
    main.o(.ARM.exidx.text.SystemClock_Config) refers to main.o(.text.SystemClock_Config) for [Anonymous Symbol]
[...]
    [Anonymous Symbol]                       0x08002bc0   Section        0  stm32f7xx_hal_spdifrx.o(.text.HAL_SPDIFRX_Init)
    [Anonymous Symbol]                       0x08002c30   Section        0  stm32f7xx_hal_msp.o(.text.HAL_SPDIFRX_MspInit)
    [Anonymous Symbol]                       0x08002cf0   Section        0  stm32f7xx_hal_spdifrx.o(.text.HAL_SPDIFRX_ReceiveDataFlow_DMA)
    [Anonymous Symbol]                       0x08002e30   Section        0  main.o(.text.HAL_SPDIFRX_RxCpltCallback)
    [Anonymous Symbol]                       0x08002e88   Section        0  stm32f7xx_hal_spdifrx.o(.text.HAL_SPDIFRX_RxHalfCpltCallback)
    [Anonymous Symbol]                       0x08002e90   Section        0  stm32f7xx_hal_cortex.o(.text.HAL_SYSTICK_Config)
    [Anonymous Symbol]                       0x08002e98   Section        0  stm32f7xx_hal_uart.o(.text.HAL_UART_Init)
    [Anonymous Symbol]                       0x08002ef8   Section        0  stm32f7xx_hal_msp.o(.text.HAL_UART_MspInit)
    [Anonymous Symbol]                       0x08002f68   Section        0  stm32f7xx_it.o(.text.HardFault_Handler)
    MX_DMA_Init                              0x08002f71   Thumb Code    50  main.o(.text.MX_DMA_Init)
    [Anonymous Symbol]                       0x08002f70   Section        0  main.o(.text.MX_DMA_Init)
    MX_GPIO_Init                             0x08002fa9   Thumb Code    68  main.o(.text.MX_GPIO_Init)
    [Anonymous Symbol]                       0x08002fa8   Section        0  main.o(.text.MX_GPIO_Init)
    MX_SPDIFRX_Init                          0x08002ff1   Thumb Code    66  main.o(.text.MX_SPDIFRX_Init)
    [Anonymous Symbol]                       0x08002ff0   Section        0  main.o(.text.MX_SPDIFRX_Init)
    MX_USART3_UART_Init                      0x08003039   Thumb Code    60  main.o(.text.MX_USART3_UART_Init)
    [Anonymous Symbol]                       0x08003038   Section        0  main.o(.text.MX_USART3_UART_Init)
    [Anonymous Symbol]                       0x08003078   Section        0  stm32f7xx_it.o(.text.MemManage_Handler)
    [Anonymous Symbol]                       0x08003080   Section        0  stm32f7xx_it.o(.text.NMI_Handler)
    NVIC_EncodePriority                      0x08003089   Thumb Code    46  stm32f7xx_hal_cortex.o(.text.NVIC_EncodePriority)
    [Anonymous Symbol]                       0x08003088   Section        0  stm32f7xx_hal_cortex.o(.text.NVIC_EncodePriority)
    [Anonymous Symbol]                       0x080030b8   Section        0  stm32f7xx_it.o(.text.PendSV_Handler)
    SPDIFRX_DMAError                         0x080030c1   Thumb Code    40  stm32f7xx_hal_spdifrx.o(.text.SPDIFRX_DMAError)
    [Anonymous Symbol]                       0x080030c0   Section        0  stm32f7xx_hal_spdifrx.o(.text.SPDIFRX_DMAError)
    SPDIFRX_DMARxCplt                        0x080030e9   Thumb Code    40  stm32f7xx_hal_spdifrx.o(.text.SPDIFRX_DMARxCplt)
    [Anonymous Symbol]                       0x080030e8   Section        0  stm32f7xx_hal_spdifrx.o(.text.SPDIFRX_DMARxCplt)
    SPDIFRX_DMARxHalfCplt                    0x08003111   Thumb Code    10  stm32f7xx_hal_spdifrx.o(.text.SPDIFRX_DMARxHalfCplt)
    [Anonymous Symbol]                       0x08003110   Section        0  stm32f7xx_hal_spdifrx.o(.text.SPDIFRX_DMARxHalfCplt)
    SPDIFRX_ReceiveControlFlow_IT            0x08003121   Thumb Code    56  stm32f7xx_hal_spdifrx.o(.text.SPDIFRX_ReceiveControlFlow_IT)
    [Anonymous Symbol]                       0x08003120   Section        0  stm32f7xx_hal_spdifrx.o(.text.SPDIFRX_ReceiveControlFlow_IT)
    SPDIFRX_ReceiveDataFlow_IT               0x08003159   Thumb Code    56  stm32f7xx_hal_spdifrx.o(.text.SPDIFRX_ReceiveDataFlow_IT)
    [Anonymous Symbol]                       0x08003158   Section        0  stm32f7xx_hal_spdifrx.o(.text.SPDIFRX_ReceiveDataFlow_IT)
    [Anonymous Symbol]                       0x08003190   Section        0  stm32f7xx_it.o(.text.SPDIF_RX_IRQHandler)
    [Anonymous Symbol]                       0x080031a0   Section        0  stm32f7xx_it.o(.text.SVC_Handler)
    SysTick_Config                           0x080031a9   Thumb Code    46  stm32f7xx_hal_cortex.o(.text.SysTick_Config)
    [Anonymous Symbol]                       0x080031a8   Section        0  stm32f7xx_hal_cortex.o(.text.SysTick_Config)
    [Anonymous Symbol]                       0x080031d8   Section        0  stm32f7xx_it.o(.text.SysTick_Handler)
    [Anonymous Symbol]                       0x080031e0   Section        0  main.o(.text.SystemClock_Config)
    [Anonymous Symbol]                       0x080032b0   Section        0  system_stm32f7xx.o(.text.SystemInit)
    [Anonymous Symbol]                       0x080032d0   Section        0  stm32f7xx_hal_uart.o(.text.UART_AdvFeatureConfig)
    [Anonymous Symbol]                       0x080033b0   Section        0  stm32f7xx_hal_uart.o(.text.UART_CheckIdleState)
    [Anonymous Symbol]                       0x08003418   Section        0  stm32f7xx_hal_uart.o(.text.UART_SetConfig)
    [Anonymous Symbol]                       0x08003650   Section        0  stm32f7xx_hal_uart.o(.text.UART_WaitOnFlagUntilTimeout)
    [Anonymous Symbol]                       0x08003700   Section        0  stm32f7xx_it.o(.text.UsageFault_Handler)
    __NVIC_EnableIRQ                         0x08003709   Thumb Code    32  stm32f7xx_hal_cortex.o(.text.__NVIC_EnableIRQ)
    [Anonymous Symbol]                       0x08003708   Section        0  stm32f7xx_hal_cortex.o(.text.__NVIC_EnableIRQ)
    __NVIC_GetPriorityGrouping               0x08003729   Thumb Code    16  stm32f7xx_hal_cortex.o(.text.__NVIC_GetPriorityGrouping)
    [Anonymous Symbol]                       0x08003728   Section        0  stm32f7xx_hal_cortex.o(.text.__NVIC_GetPriorityGrouping)
    __NVIC_SetPriority                       0x08003739   Thumb Code    34  stm32f7xx_hal_cortex.o(.text.__NVIC_SetPriority)
    [Anonymous Symbol]                       0x08003738   Section        0  stm32f7xx_hal_cortex.o(.text.__NVIC_SetPriority)
    __NVIC_SetPriorityGrouping               0x08003761   Thumb Code    32  stm32f7xx_hal_cortex.o(.text.__NVIC_SetPriorityGrouping)
    [Anonymous Symbol]                       0x08003760   Section        0  stm32f7xx_hal_cortex.o(.text.__NVIC_SetPriorityGrouping)
    [Anonymous Symbol]                       0x08003780   Section        0  retarget_io.o(.text._sys_close)
    [Anonymous Symbol]                       0x08003798   Section        0  retarget_io.o(.text._sys_flen)
    [Anonymous Symbol]                       0x080037a0   Section        0  retarget_io.o(.text._sys_istty)
    [Anonymous Symbol]                       0x080037b0   Section        0  retarget_io.o(.text._sys_open)
    [Anonymous Symbol]                       0x08003818   Section        0  retarget_io.o(.text._sys_read)
    [Anonymous Symbol]                       0x08003848   Section        0  retarget_io.o(.text._sys_seek)
    [Anonymous Symbol]                       0x08003850   Section        0  retarget_io.o(.text._sys_write)
    [Anonymous Symbol]                       0x08003880   Section        0  transformfunctions.o(.text.arm_bitreversal_32)
    [Anonymous Symbol]                       0x080038d0   Section        0  transformfunctions.o(.text.arm_cfft_f32)
    [Anonymous Symbol]                       0x080039c8   Section        0  transformfunctions.o(.text.arm_cfft_radix8by2_f32)
    [Anonymous Symbol]                       0x08003b50   Section        0  transformfunctions.o(.text.arm_cfft_radix8by4_f32)
    [Anonymous Symbol]                       0x08003f10   Section        0  complexmathfunctions.o(.text.arm_cmplx_mag_f32)
    [Anonymous Symbol]                       0x08003f68   Section        0  fastmathfunctions.o(.text.arm_cos_f32)
    [Anonymous Symbol]                       0x08003ff8   Section        0  transformfunctions.o(.text.arm_radix8_butterfly_f32)
    [Anonymous Symbol]                       0x08004520   Section        0  transformfunctions.o(.text.arm_rfft_fast_f32)
    [Anonymous Symbol]                       0x08004568   Section        0  dsp.o(.text.dsp_fft)
    [Anonymous Symbol]                       0x08004590   Section        0  dsp.o(.text.dsp_hamming)
    [Anonymous Symbol]                       0x08004620   Section        0  dsp.o(.text.dsp_int2float)
    [Anonymous Symbol]                       0x08004648   Section        0  main.o(.text.main)
    [Anonymous Symbol]                       0x08004680   Section        0  transformfunctions.o(.text.merge_rfft_f32)
    [Anonymous Symbol]                       0x08004728   Section        0  transformfunctions.o(.text.stage_rfft_f32)
    [Anonymous Symbol]                       0x080047d8   Section        0  main.o(.text.stdin_getchar)
    [Anonymous Symbol]                       0x08004810   Section        0  main.o(.text.stdout_putchar)
    i.__hardfp_sqrtf                         0x08004842   Section        0  sqrtf.o(i.__hardfp_sqrtf)
    i.fgetc                                  0x0800487c   Section        0  fgetc.o(i.fgetc)
    i.fputc                                  0x08004894   Section        0  fputc.o(i.fputc)
    locale$$code                             0x080048b0   Section       44  lc_ctype_c.o(locale$$code)
    $v0                                      0x080048dc   Number         0  fpinit.o(x$fpl$fpinit)
    x$fpl$fpinit                             0x080048dc   Section       26  fpinit.o(x$fpl$fpinit)
    x$fpl$usenofp                            0x080048f6   Section        0  usenofp.o(x$fpl$usenofp)
    locale$$data                             0x0800514c   Section      272  lc_ctype_c.o(locale$$data)
    __lcctype_c_name                         0x08005150   Data           2  lc_ctype_c.o(locale$$data)
    __lcctype_c_start                        0x08005158   Data           0  lc_ctype_c.o(locale$$data)
    __lcctype_c_end                          0x0800525c   Data           0  lc_ctype_c.o(locale$$data)
    .data                                    0x20020000   Section        4  stdio_streams.o(.data)
    .data                                    0x20020004   Section        4  stdio_streams.o(.data)
    .data                                    0x20020008   Section        4  stdio_streams.o(.data)
    .bss                                     0x20020018   Section       84  stdio_streams.o(.bss)
    .bss                                     0x2002006c   Section       84  stdio_streams.o(.bss)
    .bss                                     0x200200c0   Section       84  stdio_streams.o(.bss)
    .bss                                     0x20020114   Section       96  libspace.o(.bss)
    fft_handler                              0x20020178   Data          24  dsp.o(.bss.fft_handler)
    [Anonymous Symbol]                       0x20020178   Section        0  dsp.o(.bss.fft_handler)
    Heap_Mem                                 0x200262c0   Data         512  startup_stm32f767xx.o(HEAP)
    HEAP                                     0x200262c0   Section      512  startup_stm32f767xx.o(HEAP)
    Stack_Mem                                0x200264c0   Data        1024  startup_stm32f767xx.o(STACK)
    STACK                                    0x200264c0   Section     1024  startup_stm32f767xx.o(STACK)
    __initial_sp                             0x200268c0   Data           0  startup_stm32f767xx.o(STACK)

    Global Symbols

    Symbol Name                              Value     Ov Type        Size  Object(Section)

    BuildAttributes$$THM_ISAv4$E$P$D$K$B$S$7EM$VFPv5_D16$PE$PLD8$A:L22UL41UL21$X:L11$S22US41US21$IEEE1$IW$~IW$USESV6$~STKCKD$USESV7$~SHL$OTIME$ROPI$IEEEX$EBA8$UX$STANDARDLIB$REQ8$PRES8$EABIv2 0x00000000   Number         0  anon$$obj.o ABSOLUTE
    __ARM_exceptions_init                     - Undefined Weak Reference
    __alloca_initialize                       - Undefined Weak Reference
    __arm_preinit_                            - Undefined Weak Reference
    __cpp_initialize__aeabi_                  - Undefined Weak Reference
    __cxa_finalize                            - Undefined Weak Reference
    __sigvec_lookup                           - Undefined Weak Reference
    __user_heap_extent                        - Undefined Weak Reference
    _atexit_init                              - Undefined Weak Reference
    _call_atexit_fns                          - Undefined Weak Reference
    _clock_init                               - Undefined Weak Reference
    _fp_trap_init                             - Undefined Weak Reference
    _fp_trap_shutdown                         - Undefined Weak Reference
    _get_lc_collate                           - Undefined Weak Reference
    _get_lc_monetary                          - Undefined Weak Reference
    _get_lc_numeric                           - Undefined Weak Reference
    _get_lc_time                              - Undefined Weak Reference
    _getenv_init                              - Undefined Weak Reference
    _handle_redirection                       - Undefined Weak Reference
    _mutex_acquire                            - Undefined Weak Reference
    _mutex_free                               - Undefined Weak Reference
    _mutex_release                            - Undefined Weak Reference
    _printf_post_padding                      - Undefined Weak Reference
    _printf_pre_padding                       - Undefined Weak Reference
    _printf_truncate_signed                   - Undefined Weak Reference
    _printf_truncate_unsigned                 - Undefined Weak Reference
    _rand_init                                - Undefined Weak Reference
    _scanf_int                                - Undefined Weak Reference
    _scanf_longlong                           - Undefined Weak Reference
    _scanf_mbtowc                             - Undefined Weak Reference
    _scanf_real                               - Undefined Weak Reference
    _scanf_wctomb                             - Undefined Weak Reference
    _scanf_wstring                            - Undefined Weak Reference
    _signal_finish                            - Undefined Weak Reference
    _signal_init                              - Undefined Weak Reference
    __Vectors_Size                           0x000001f8   Number         0  startup_stm32f767xx.o ABSOLUTE
    __Vectors                                0x08000000   Data           4  startup_stm32f767xx.o(RESET)
    __Vectors_End                            0x080001f8   Data           0  startup_stm32f767xx.o(RESET)
    __main                                   0x080001f9   Thumb Code     8  __main.o(!!!main)
    __scatterload                            0x08000201   Thumb Code     0  __scatter.o(!!!scatter)
    __scatterload_rt2                        0x08000201   Thumb Code    44  __scatter.o(!!!scatter)
    __scatterload_rt2_thumb_only             0x08000201   Thumb Code     0  __scatter.o(!!!scatter)
    __scatterload_null                       0x0800020f   Thumb Code     0  __scatter.o(!!!scatter)
    __scatterload_copy                       0x08000235   Thumb Code    26  __scatter_copy.o(!!handler_copy)
    __scatterload_zeroinit                   0x08000251   Thumb Code    28  __scatter_zi.o(!!handler_zi)
    _printf_d                                0x0800026d   Thumb Code     0  _printf_d.o(.ARM.Collect$$_printf_percent$$00000009)
    _printf_percent                          0x0800026d   Thumb Code     0  _printf_percent.o(.ARM.Collect$$_printf_percent$$00000000)
    _printf_percent_end                      0x08000273   Thumb Code     0  _printf_percent_end.o(.ARM.Collect$$_printf_percent$$00000017)
    __rt_lib_init                            0x08000277   Thumb Code     0  libinit.o(.ARM.Collect$$libinit$$00000000)
    __rt_lib_init_fp_1                       0x08000279   Thumb Code     0  libinit2.o(.ARM.Collect$$libinit$$00000001)
    __rt_lib_init_heap_2                     0x0800027d   Thumb Code     0  libinit2.o(.ARM.Collect$$libinit$$00000005)
    __rt_lib_init_preinit_1                  0x0800027d   Thumb Code     0  libinit2.o(.ARM.Collect$$libinit$$00000004)
    __rt_lib_init_heap_1                     0x08000285   Thumb Code     0  libinit2.o(.ARM.Collect$$libinit$$0000000A)
    __rt_lib_init_lc_common                  0x08000285   Thumb Code     0  libinit2.o(.ARM.Collect$$libinit$$0000000F)
    __rt_lib_init_rand_1                     0x08000285   Thumb Code     0  libinit2.o(.ARM.Collect$$libinit$$0000000E)
    __rt_lib_init_user_alloc_1               0x08000285   Thumb Code     0  libinit2.o(.ARM.Collect$$libinit$$0000000C)
    __rt_lib_init_lc_collate_1               0x0800028b   Thumb Code     0  libinit2.o(.ARM.Collect$$libinit$$00000011)
    __rt_lib_init_lc_ctype_2                 0x0800028b   Thumb Code     0  libinit2.o(.ARM.Collect$$libinit$$00000012)
    __rt_lib_init_atexit_1                   0x08000297   Thumb Code     0  libinit2.o(.ARM.Collect$$libinit$$0000001B)
    __rt_lib_init_clock_1                    0x08000297   Thumb Code     0  libinit2.o(.ARM.Collect$$libinit$$00000021)
    __rt_lib_init_fp_trap_1                  0x08000297   Thumb Code     0  libinit2.o(.ARM.Collect$$libinit$$0000001F)
    __rt_lib_init_getenv_1                   0x08000297   Thumb Code     0  libinit2.o(.ARM.Collect$$libinit$$00000023)
    __rt_lib_init_lc_ctype_1                 0x08000297   Thumb Code     0  libinit2.o(.ARM.Collect$$libinit$$00000013)
    __rt_lib_init_lc_monetary_1              0x08000297   Thumb Code     0  libinit2.o(.ARM.Collect$$libinit$$00000015)
    __rt_lib_init_lc_numeric_1               0x08000297   Thumb Code     0  libinit2.o(.ARM.Collect$$libinit$$00000017)
    __rt_lib_init_lc_time_1                  0x08000297   Thumb Code     0  libinit2.o(.ARM.Collect$$libinit$$00000019)
    __rt_lib_init_signal_1                   0x08000297   Thumb Code     0  libinit2.o(.ARM.Collect$$libinit$$0000001D)
    __rt_lib_init_stdio_2                    0x08000297   Thumb Code     0  libinit2.o(.ARM.Collect$$libinit$$00000024)
    __rt_lib_init_alloca_1                   0x0800029b   Thumb Code     0  libinit2.o(.ARM.Collect$$libinit$$0000002E)
    __rt_lib_init_argv_1                     0x0800029b   Thumb Code     0  libinit2.o(.ARM.Collect$$libinit$$0000002C)
    __rt_lib_init_cpp_1                      0x0800029b   Thumb Code     0  libinit2.o(.ARM.Collect$$libinit$$00000032)
    __rt_lib_init_exceptions_1               0x0800029b   Thumb Code     0  libinit2.o(.ARM.Collect$$libinit$$00000030)
    __rt_lib_init_return                     0x0800029b   Thumb Code     0  libinit2.o(.ARM.Collect$$libinit$$00000033)
    __rt_lib_init_stdio_1                    0x0800029b   Thumb Code     0  libinit2.o(.ARM.Collect$$libinit$$00000025)
    __rt_lib_shutdown                        0x0800029d   Thumb Code     0  libshutdown.o(.ARM.Collect$$libshutdown$$00000000)
    __rt_lib_shutdown_cpp_1                  0x0800029f   Thumb Code     0  libshutdown2.o(.ARM.Collect$$libshutdown$$00000002)
    __rt_lib_shutdown_stdio_2                0x0800029f   Thumb Code     0  libshutdown2.o(.ARM.Collect$$libshutdown$$00000003)
    __rt_lib_shutdown_fp_trap_1              0x080002a3   Thumb Code     0  libshutdown2.o(.ARM.Collect$$libshutdown$$00000007)
    __rt_lib_shutdown_heap_1                 0x080002a3   Thumb Code     0  libshutdown2.o(.ARM.Collect$$libshutdown$$0000000F)
    __rt_lib_shutdown_return                 0x080002a3   Thumb Code     0  libshutdown2.o(.ARM.Collect$$libshutdown$$00000010)
    __rt_lib_shutdown_signal_1               0x080002a3   Thumb Code     0  libshutdown2.o(.ARM.Collect$$libshutdown$$0000000A)
    __rt_lib_shutdown_stdio_1                0x080002a3   Thumb Code     0  libshutdown2.o(.ARM.Collect$$libshutdown$$00000004)
    __rt_lib_shutdown_user_alloc_1           0x080002a3   Thumb Code     0  libshutdown2.o(.ARM.Collect$$libshutdown$$0000000C)
    __rt_entry                               0x080002a5   Thumb Code     0  __rtentry.o(.ARM.Collect$$rtentry$$00000000)
    __rt_entry_presh_1                       0x080002a5   Thumb Code     0  __rtentry2.o(.ARM.Collect$$rtentry$$00000002)
    __rt_entry_sh                            0x080002a5   Thumb Code     0  __rtentry4.o(.ARM.Collect$$rtentry$$00000004)
    __rt_entry_li                            0x080002ab   Thumb Code     0  __rtentry2.o(.ARM.Collect$$rtentry$$0000000A)
    __rt_entry_postsh_1                      0x080002ab   Thumb Code     0  __rtentry2.o(.ARM.Collect$$rtentry$$00000009)
    __rt_entry_main                          0x080002af   Thumb Code     0  __rtentry2.o(.ARM.Collect$$rtentry$$0000000D)
    __rt_entry_postli_1                      0x080002af   Thumb Code     0  __rtentry2.o(.ARM.Collect$$rtentry$$0000000C)
    __rt_exit                                0x080002b7   Thumb Code     0  rtexit.o(.ARM.Collect$$rtexit$$00000000)
    __rt_exit_ls                             0x080002b9   Thumb Code     0  rtexit2.o(.ARM.Collect$$rtexit$$00000003)
    __rt_exit_prels_1                        0x080002b9   Thumb Code     0  rtexit2.o(.ARM.Collect$$rtexit$$00000002)
    __rt_exit_exit                           0x080002bd   Thumb Code     0  rtexit2.o(.ARM.Collect$$rtexit$$00000004)
    Reset_Handler                            0x080002c5   Thumb Code     8  startup_stm32f767xx.o(.text)
    ADC_IRQHandler                           0x080002df   Thumb Code     0  startup_stm32f767xx.o(.text)
    CAN1_RX0_IRQHandler                      0x080002df   Thumb Code     0  startup_stm32f767xx.o(.text)
    CAN1_RX1_IRQHandler                      0x080002df   Thumb Code     0  startup_stm32f767xx.o(.text)
    CAN1_SCE_IRQHandler                      0x080002df   Thumb Code     0  startup_stm32f767xx.o(.text)
    CAN1_TX_IRQHandler                       0x080002df   Thumb Code     0  startup_stm32f767xx.o(.text)
    CAN2_RX0_IRQHandler                      0x080002df   Thumb Code     0  startup_stm32f767xx.o(.text)
    CAN2_RX1_IRQHandler                      0x080002df   Thumb Code     0  startup_stm32f767xx.o(.text)
    CAN2_SCE_IRQHandler                      0x080002df   Thumb Code     0  startup_stm32f767xx.o(.text)
    CAN2_TX_IRQHandler                       0x080002df   Thumb Code     0  startup_stm32f767xx.o(.text)
    CAN3_RX0_IRQHandler                      0x080002df   Thumb Code     0  startup_stm32f767xx.o(.text)
    CAN3_RX1_IRQHandler                      0x080002df   Thumb Code     0  startup_stm32f767xx.o(.text)
    CAN3_SCE_IRQHandler                      0x080002df   Thumb Code     0  startup_stm32f767xx.o(.text)
    CAN3_TX_IRQHandler                       0x080002df   Thumb Code     0  startup_stm32f767xx.o(.text)
    CEC_IRQHandler                           0x080002df   Thumb Code     0  startup_stm32f767xx.o(.text)
    DCMI_IRQHandler                          0x080002df   Thumb Code     0  startup_stm32f767xx.o(.text)
    DFSDM1_FLT0_IRQHandler                   0x080002df   Thumb Code     0  startup_stm32f767xx.o(.text)
    DFSDM1_FLT1_IRQHandler                   0x080002df   Thumb Code     0  startup_stm32f767xx.o(.text)
    DFSDM1_FLT2_IRQHandler                   0x080002df   Thumb Code     0  startup_stm32f767xx.o(.text)
    DFSDM1_FLT3_IRQHandler                   0x080002df   Thumb Code     0  startup_stm32f767xx.o(.text)
    DMA1_Stream0_IRQHandler                  0x080002df   Thumb Code     0  startup_stm32f767xx.o(.text)
    DMA1_Stream2_IRQHandler                  0x080002df   Thumb Code     0  startup_stm32f767xx.o(.text)
    DMA1_Stream3_IRQHandler                  0x080002df   Thumb Code     0  startup_stm32f767xx.o(.text)
    DMA1_Stream4_IRQHandler                  0x080002df   Thumb Code     0  startup_stm32f767xx.o(.text)
    DMA1_Stream5_IRQHandler                  0x080002df   Thumb Code     0  startup_stm32f767xx.o(.text)
    DMA1_Stream6_IRQHandler                  0x080002df   Thumb Code     0  startup_stm32f767xx.o(.text)
    DMA1_Stream7_IRQHandler                  0x080002df   Thumb Code     0  startup_stm32f767xx.o(.text)
    DMA2D_IRQHandler                         0x080002df   Thumb Code     0  startup_stm32f767xx.o(.text)
    DMA2_Stream0_IRQHandler                  0x080002df   Thumb Code     0  startup_stm32f767xx.o(.text)
    DMA2_Stream1_IRQHandler                  0x080002df   Thumb Code     0  startup_stm32f767xx.o(.text)
    DMA2_Stream2_IRQHandler                  0x080002df   Thumb Code     0  startup_stm32f767xx.o(.text)
    DMA2_Stream3_IRQHandler                  0x080002df   Thumb Code     0  startup_stm32f767xx.o(.text)
    DMA2_Stream4_IRQHandler                  0x080002df   Thumb Code     0  startup_stm32f767xx.o(.text)
    DMA2_Stream5_IRQHandler                  0x080002df   Thumb Code     0  startup_stm32f767xx.o(.text)
    DMA2_Stream6_IRQHandler                  0x080002df   Thumb Code     0  startup_stm32f767xx.o(.text)
    DMA2_Stream7_IRQHandler                  0x080002df   Thumb Code     0  startup_stm32f767xx.o(.text)
    ETH_IRQHandler                           0x080002df   Thumb Code     0  startup_stm32f767xx.o(.text)
    ETH_WKUP_IRQHandler                      0x080002df   Thumb Code     0  startup_stm32f767xx.o(.text)
    EXTI0_IRQHandler                         0x080002df   Thumb Code     0  startup_stm32f767xx.o(.text)
    EXTI15_10_IRQHandler                     0x080002df   Thumb Code     0  startup_stm32f767xx.o(.text)
    EXTI1_IRQHandler                         0x080002df   Thumb Code     0  startup_stm32f767xx.o(.text)
    EXTI2_IRQHandler                         0x080002df   Thumb Code     0  startup_stm32f767xx.o(.text)
    EXTI3_IRQHandler                         0x080002df   Thumb Code     0  startup_stm32f767xx.o(.text)
    EXTI4_IRQHandler                         0x080002df   Thumb Code     0  startup_stm32f767xx.o(.text)
    EXTI9_5_IRQHandler                       0x080002df   Thumb Code     0  startup_stm32f767xx.o(.text)
    FLASH_IRQHandler                         0x080002df   Thumb Code     0  startup_stm32f767xx.o(.text)
    FMC_IRQHandler                           0x080002df   Thumb Code     0  startup_stm32f767xx.o(.text)
    FPU_IRQHandler                           0x080002df   Thumb Code     0  startup_stm32f767xx.o(.text)
    I2C1_ER_IRQHandler                       0x080002df   Thumb Code     0  startup_stm32f767xx.o(.text)
    I2C1_EV_IRQHandler                       0x080002df   Thumb Code     0  startup_stm32f767xx.o(.text)
    I2C2_ER_IRQHandler                       0x080002df   Thumb Code     0  startup_stm32f767xx.o(.text)
    I2C2_EV_IRQHandler                       0x080002df   Thumb Code     0  startup_stm32f767xx.o(.text)
    I2C3_ER_IRQHandler                       0x080002df   Thumb Code     0  startup_stm32f767xx.o(.text)
    I2C3_EV_IRQHandler                       0x080002df   Thumb Code     0  startup_stm32f767xx.o(.text)
    I2C4_ER_IRQHandler                       0x080002df   Thumb Code     0  startup_stm32f767xx.o(.text)
    I2C4_EV_IRQHandler                       0x080002df   Thumb Code     0  startup_stm32f767xx.o(.text)
    JPEG_IRQHandler                          0x080002df   Thumb Code     0  startup_stm32f767xx.o(.text)
    LPTIM1_IRQHandler                        0x080002df   Thumb Code     0  startup_stm32f767xx.o(.text)
    LTDC_ER_IRQHandler                       0x080002df   Thumb Code     0  startup_stm32f767xx.o(.text)
    LTDC_IRQHandler                          0x080002df   Thumb Code     0  startup_stm32f767xx.o(.text)
    MDIOS_IRQHandler                         0x080002df   Thumb Code     0  startup_stm32f767xx.o(.text)
    OTG_FS_IRQHandler                        0x080002df   Thumb Code     0  startup_stm32f767xx.o(.text)
    OTG_FS_WKUP_IRQHandler                   0x080002df   Thumb Code     0  startup_stm32f767xx.o(.text)
    OTG_HS_EP1_IN_IRQHandler                 0x080002df   Thumb Code     0  startup_stm32f767xx.o(.text)
    OTG_HS_EP1_OUT_IRQHandler                0x080002df   Thumb Code     0  startup_stm32f767xx.o(.text)
    OTG_HS_IRQHandler                        0x080002df   Thumb Code     0  startup_stm32f767xx.o(.text)
    OTG_HS_WKUP_IRQHandler                   0x080002df   Thumb Code     0  startup_stm32f767xx.o(.text)
    PVD_IRQHandler                           0x080002df   Thumb Code     0  startup_stm32f767xx.o(.text)
    QUADSPI_IRQHandler                       0x080002df   Thumb Code     0  startup_stm32f767xx.o(.text)
    RCC_IRQHandler                           0x080002df   Thumb Code     0  startup_stm32f767xx.o(.text)
    RNG_IRQHandler                           0x080002df   Thumb Code     0  startup_stm32f767xx.o(.text)
    RTC_Alarm_IRQHandler                     0x080002df   Thumb Code     0  startup_stm32f767xx.o(.text)
    RTC_WKUP_IRQHandler                      0x080002df   Thumb Code     0  startup_stm32f767xx.o(.text)
    SAI1_IRQHandler                          0x080002df   Thumb Code     0  startup_stm32f767xx.o(.text)
    SAI2_IRQHandler                          0x080002df   Thumb Code     0  startup_stm32f767xx.o(.text)
    SDMMC1_IRQHandler                        0x080002df   Thumb Code     0  startup_stm32f767xx.o(.text)
    SDMMC2_IRQHandler                        0x080002df   Thumb Code     0  startup_stm32f767xx.o(.text)
    SPI1_IRQHandler                          0x080002df   Thumb Code     0  startup_stm32f767xx.o(.text)
    SPI2_IRQHandler                          0x080002df   Thumb Code     0  startup_stm32f767xx.o(.text)
    SPI3_IRQHandler                          0x080002df   Thumb Code     0  startup_stm32f767xx.o(.text)
    SPI4_IRQHandler                          0x080002df   Thumb Code     0  startup_stm32f767xx.o(.text)
    SPI5_IRQHandler                          0x080002df   Thumb Code     0  startup_stm32f767xx.o(.text)
    SPI6_IRQHandler                          0x080002df   Thumb Code     0  startup_stm32f767xx.o(.text)
    TAMP_STAMP_IRQHandler                    0x080002df   Thumb Code     0  startup_stm32f767xx.o(.text)
    TIM1_BRK_TIM9_IRQHandler                 0x080002df   Thumb Code     0  startup_stm32f767xx.o(.text)
    TIM1_CC_IRQHandler                       0x080002df   Thumb Code     0  startup_stm32f767xx.o(.text)
    TIM1_TRG_COM_TIM11_IRQHandler            0x080002df   Thumb Code     0  startup_stm32f767xx.o(.text)
    TIM1_UP_TIM10_IRQHandler                 0x080002df   Thumb Code     0  startup_stm32f767xx.o(.text)
    TIM2_IRQHandler                          0x080002df   Thumb Code     0  startup_stm32f767xx.o(.text)
    TIM3_IRQHandler                          0x080002df   Thumb Code     0  startup_stm32f767xx.o(.text)
    TIM4_IRQHandler                          0x080002df   Thumb Code     0  startup_stm32f767xx.o(.text)
    TIM5_IRQHandler                          0x080002df   Thumb Code     0  startup_stm32f767xx.o(.text)
    TIM6_DAC_IRQHandler                      0x080002df   Thumb Code     0  startup_stm32f767xx.o(.text)
    TIM7_IRQHandler                          0x080002df   Thumb Code     0  startup_stm32f767xx.o(.text)
    TIM8_BRK_TIM12_IRQHandler                0x080002df   Thumb Code     0  startup_stm32f767xx.o(.text)
    TIM8_CC_IRQHandler                       0x080002df   Thumb Code     0  startup_stm32f767xx.o(.text)
    TIM8_TRG_COM_TIM14_IRQHandler            0x080002df   Thumb Code     0  startup_stm32f767xx.o(.text)
    TIM8_UP_TIM13_IRQHandler                 0x080002df   Thumb Code     0  startup_stm32f767xx.o(.text)
    UART4_IRQHandler                         0x080002df   Thumb Code     0  startup_stm32f767xx.o(.text)
    UART5_IRQHandler                         0x080002df   Thumb Code     0  startup_stm32f767xx.o(.text)
    UART7_IRQHandler                         0x080002df   Thumb Code     0  startup_stm32f767xx.o(.text)
    UART8_IRQHandler                         0x080002df   Thumb Code     0  startup_stm32f767xx.o(.text)
    USART1_IRQHandler                        0x080002df   Thumb Code     0  startup_stm32f767xx.o(.text)
    USART2_IRQHandler                        0x080002df   Thumb Code     0  startup_stm32f767xx.o(.text)
    USART3_IRQHandler                        0x080002df   Thumb Code     0  startup_stm32f767xx.o(.text)
    USART6_IRQHandler                        0x080002df   Thumb Code     0  startup_stm32f767xx.o(.text)
    WWDG_IRQHandler                          0x080002df   Thumb Code     0  startup_stm32f767xx.o(.text)
    __user_initial_stackheap                 0x080002e1   Thumb Code     0  startup_stm32f767xx.o(.text)
    __aeabi_uldivmod                         0x08000305   Thumb Code     0  lludivv7m.o(.text)
    _ll_udiv                                 0x08000305   Thumb Code   240  lludivv7m.o(.text)
    __2printf                                0x080003f5   Thumb Code    20  noretval__2printf.o(.text)
    __printf                                 0x0800040d   Thumb Code   104  __printf.o(.text)
    _printf_int_dec                          0x08000475   Thumb Code   104  _printf_dec.o(.text)
    __0scanf                                 0x080004ed   Thumb Code    26  __0scanf.o(.text)
    _scanf_string                            0x0800050d   Thumb Code   224  _scanf_str.o(.text)
    puts                                     0x080005ed   Thumb Code    40  puts.o(.text)
    __aeabi_memclr4                          0x08000619   Thumb Code     0  rt_memclr_w.o(.text)
    __aeabi_memclr8                          0x08000619   Thumb Code     0  rt_memclr_w.o(.text)
    __rt_memclr_w                            0x08000619   Thumb Code    78  rt_memclr_w.o(.text)
    _memset_w                                0x0800061d   Thumb Code     0  rt_memclr_w.o(.text)
    strcmp                                   0x08000669   Thumb Code   124  strcmpv7m_pel.o(.text)
    __use_two_region_memory                  0x080006e5   Thumb Code     2  heapauxi.o(.text)
    __rt_heap_escrow                         0x080006e7   Thumb Code     2  heapauxi.o(.text)
    __rt_heap_expand                         0x080006e9   Thumb Code     2  heapauxi.o(.text)
    __read_errno                             0x080006eb   Thumb Code    10  _rserrno.o(.text)
    __set_errno                              0x080006f5   Thumb Code    12  _rserrno.o(.text)
    _printf_int_common                       0x08000701   Thumb Code   178  _printf_intcommon.o(.text)
    _printf_char_file                        0x080007b5   Thumb Code    32  _printf_char_file.o(.text)
    __vfscanf_char_file                      0x080007d9   Thumb Code    16  scanf_char_file.o(.text)
    __aeabi_errno_addr                       0x080007f1   Thumb Code     8  rt_errno_addr_intlibspace.o(.text)
    __errno$intlibspace                      0x080007f1   Thumb Code     0  rt_errno_addr_intlibspace.o(.text)
    __rt_errno_addr$intlibspace              0x080007f1   Thumb Code     0  rt_errno_addr_intlibspace.o(.text)
    _printf_char_common                      0x08000803   Thumb Code    32  _printf_char_common.o(.text)
    __vfscanf_char                           0x08000835   Thumb Code    24  scanf_char.o(.text)
    ___backspace$unlocked                    0x08000855   Thumb Code     2  backspace.o(.text)
    __backspace                              0x08000857   Thumb Code    70  backspace.o(.text)
    ferror                                   0x0800089d   Thumb Code     8  ferror.o(.text)
    __flsbuf                                 0x080008a5   Thumb Code   470  flsbuf.o(.text)
    __flsbuf_byte                            0x080008a5   Thumb Code     0  flsbuf.o(.text)
    __flsbuf_wide                            0x080008a5   Thumb Code     0  flsbuf.o(.text)
    _initio                                  0x08000a7d   Thumb Code   210  initio.o(.text)
    _terminateio                             0x08000b4f   Thumb Code    56  initio.o(.text)
    __user_libspace                          0x08000bb5   Thumb Code     8  libspace.o(.text)
    __user_perproc_libspace                  0x08000bb5   Thumb Code     0  libspace.o(.text)
    __user_perthread_libspace                0x08000bb5   Thumb Code     0  libspace.o(.text)
    __user_setup_stackheap                   0x08000bbd   Thumb Code    74  sys_stackheap_outer.o(.text)
    malloc                                   0x08000c07   Thumb Code    94  h1_alloc.o(.text)
    free                                     0x08000c65   Thumb Code    78  h1_free.o(.text)
    isspace                                  0x08000cb3   Thumb Code    18  isspace.o(.text)
    __vfscanf                                0x08000cc5   Thumb Code   878  _scanf.o(.text)
    _readbuf                                 0x08001039   Thumb Code    54  filbuf.o(.text)
    _seteof                                  0x0800106f   Thumb Code    40  filbuf.o(.text)
    __filbuf                                 0x08001097   Thumb Code   476  filbuf.o(.text)
    __filbuf_byte                            0x08001097   Thumb Code     0  filbuf.o(.text)
    __filbuf_wide                            0x08001097   Thumb Code     0  filbuf.o(.text)
    setvbuf                                  0x08001273   Thumb Code    70  setvbuf.o(.text)
    _seterr                                  0x080012b9   Thumb Code    20  stdio.o(.text)
    _writebuf                                0x080012cd   Thumb Code    84  stdio.o(.text)
    _fflush                                  0x08001321   Thumb Code    70  stdio.o(.text)
    _deferredlazyseek                        0x08001367   Thumb Code    60  stdio.o(.text)
    _ungetc_internal                         0x080013a9   Thumb Code    60  ungetc.o(.text)
    ungetc                                   0x080013a9   Thumb Code     0  ungetc.o(.text)
    freopen                                  0x080013f1   Thumb Code   160  fopen.o(.text)
    fopen                                    0x08001491   Thumb Code    74  fopen.o(.text)
    _fclose_internal                         0x080014e1   Thumb Code    76  fclose.o(.text)
    fclose                                   0x080014e1   Thumb Code     0  fclose.o(.text)
    exit                                     0x0800152d   Thumb Code    18  exit.o(.text)
    __rt_SIGRTRED                            0x0800153f   Thumb Code    14  defsig_rtred_outer.o(.text)
    __rt_ctype_table                         0x0800154d   Thumb Code    16  rt_ctype_table.o(.text)
    __rt_heap_descriptor                     0x0800155d   Thumb Code     8  rt_heap_descriptor_intlibspace.o(.text)
    __use_no_heap                            0x08001565   Thumb Code     2  hguard.o(.text)
    __heap$guard                             0x08001567   Thumb Code     2  hguard.o(.text)
    _terminate_user_alloc                    0x08001569   Thumb Code     2  init_alloc.o(.text)
    _init_user_alloc                         0x0800156b   Thumb Code     2  init_alloc.o(.text)
    __Heap_Full                              0x0800156d   Thumb Code    34  init_alloc.o(.text)
    __Heap_Broken                            0x0800158f   Thumb Code     6  init_alloc.o(.text)
    _init_alloc                              0x08001595   Thumb Code    94  init_alloc.o(.text)
    __Heap_Initialize                        0x080015f3   Thumb Code    10  h1_init.o(.text)
    __Heap_DescSize                          0x080015fd   Thumb Code     4  h1_init.o(.text)
    _do_fflush                               0x08001601   Thumb Code    54  fflush.o(.text)
    fflush                                   0x08001637   Thumb Code    42  fflush.o(.text)
    _fseek                                   0x08001665   Thumb Code   242  fseek.o(.text)
    fseek                                    0x08001665   Thumb Code     0  fseek.o(.text)
    _flushlinebuffered                       0x0800175d   Thumb Code    50  flushlinebuffered.o(.text)
    __sig_exit                               0x08001795   Thumb Code    10  defsig_exit.o(.text)
    __rt_SIGRTRED_inner                      0x080017a1   Thumb Code    14  defsig_rtred_inner.o(.text)
    _sys_exit                                0x080017d5   Thumb Code     8  sys_exit.o(.text)
    __rt_locale                              0x080017e1   Thumb Code     8  rt_locale_intlibspace.o(.text)
    __Heap_ProvideMemory                     0x080017e9   Thumb Code    52  h1_extend.o(.text)
    _maybe_terminate_alloc                   0x080017e9   Thumb Code     0  maybetermalloc1.o(.text)
    _ftell_internal                          0x0800181d   Thumb Code    66  ftell.o(.text)
    ftell                                    0x0800181d   Thumb Code     0  ftell.o(.text)
    __default_signal_display                 0x0800185f   Thumb Code    50  defsig_general.o(.text)
    __rt_SIGRTMEM                            0x08001891   Thumb Code    14  defsig_rtmem_outer.o(.text)
    _ttywrch                                 0x0800189f   Thumb Code    14  sys_wrch.o(.text)
    __I$use$semihosting                      0x080018ad   Thumb Code     0  use_no_semi.o(.text)
    __use_no_semihosting_swi                 0x080018ad   Thumb Code     2  use_no_semi.o(.text)
    __semihosting_library_function           0x080018af   Thumb Code     0  indicate_semi.o(.text)
    __rt_SIGRTMEM_inner                      0x080018b1   Thumb Code    22  defsig_rtmem_inner.o(.text)
    BusFault_Handler                         0x08001901   Thumb Code     2  stm32f7xx_it.o(.text.BusFault_Handler)
    DMA1_Stream1_IRQHandler                  0x08001909   Thumb Code    16  stm32f7xx_it.o(.text.DMA1_Stream1_IRQHandler)
    DebugMon_Handler                         0x080019e1   Thumb Code     2  stm32f7xx_it.o(.text.DebugMon_Handler)
    Error_Handler                            0x080019e9   Thumb Code    10  main.o(.text.Error_Handler)
    HAL_DMA_IRQHandler                       0x080019f9   Thumb Code   396  stm32f7xx_hal_dma.o(.text.HAL_DMA_IRQHandler)
    HAL_DMA_Init                             0x08001b89   Thumb Code   198  stm32f7xx_hal_dma.o(.text.HAL_DMA_Init)
    HAL_DMA_Start_IT                         0x08001c51   Thumb Code   108  stm32f7xx_hal_dma.o(.text.HAL_DMA_Start_IT)
    HAL_GPIO_Init                            0x08001cc1   Thumb Code   406  stm32f7xx_hal_gpio.o(.text.HAL_GPIO_Init)
    HAL_GetTick                              0x08001e59   Thumb Code    12  stm32f7xx_hal.o(.text.HAL_GetTick)
    HAL_IncTick                              0x08001e69   Thumb Code    26  stm32f7xx_hal.o(.text.HAL_IncTick)
    HAL_Init                                 0x08001e89   Thumb Code    22  stm32f7xx_hal.o(.text.HAL_Init)
    HAL_InitTick                             0x08001ea1   Thumb Code    80  stm32f7xx_hal.o(.text.HAL_InitTick)
    HAL_MspInit                              0x08001ef1   Thumb Code    50  stm32f7xx_hal_msp.o(.text.HAL_MspInit)
    HAL_NVIC_EnableIRQ                       0x08001f29   Thumb Code     8  stm32f7xx_hal_cortex.o(.text.HAL_NVIC_EnableIRQ)
    HAL_NVIC_SetPriority                     0x08001f31   Thumb Code    30  stm32f7xx_hal_cortex.o(.text.HAL_NVIC_SetPriority)
    HAL_NVIC_SetPriorityGrouping             0x08001f51   Thumb Code     8  stm32f7xx_hal_cortex.o(.text.HAL_NVIC_SetPriorityGrouping)
    HAL_PWREx_EnableOverDrive                0x08001f59   Thumb Code   118  stm32f7xx_hal_pwr_ex.o(.text.HAL_PWREx_EnableOverDrive)
    HAL_RCCEx_PeriphCLKConfig                0x08001fd1   Thumb Code  1478  stm32f7xx_hal_rcc_ex.o(.text.HAL_RCCEx_PeriphCLKConfig)
    HAL_RCC_ClockConfig                      0x08002599   Thumb Code   334  stm32f7xx_hal_rcc.o(.text.HAL_RCC_ClockConfig)
    HAL_RCC_GetHCLKFreq                      0x080026e9   Thumb Code    12  stm32f7xx_hal_rcc.o(.text.HAL_RCC_GetHCLKFreq)
    HAL_RCC_GetPCLK1Freq                     0x080026f9   Thumb Code    34  stm32f7xx_hal_rcc.o(.text.HAL_RCC_GetPCLK1Freq)
    HAL_RCC_GetPCLK2Freq                     0x08002721   Thumb Code    34  stm32f7xx_hal_rcc.o(.text.HAL_RCC_GetPCLK2Freq)
    HAL_RCC_GetSysClockFreq                  0x08002749   Thumb Code   106  stm32f7xx_hal_rcc.o(.text.HAL_RCC_GetSysClockFreq)
    HAL_RCC_OscConfig                        0x080027b9   Thumb Code   848  stm32f7xx_hal_rcc.o(.text.HAL_RCC_OscConfig)
    HAL_SPDIFRX_CxCpltCallback               0x08002b09   Thumb Code     2  stm32f7xx_hal_spdifrx.o(.text.HAL_SPDIFRX_CxCpltCallback)
    HAL_SPDIFRX_ErrorCallback                0x08002b11   Thumb Code    60  main.o(.text.HAL_SPDIFRX_ErrorCallback)
    HAL_SPDIFRX_IRQHandler                   0x08002b51   Thumb Code   106  stm32f7xx_hal_spdifrx.o(.text.HAL_SPDIFRX_IRQHandler)
    HAL_SPDIFRX_Init                         0x08002bc1   Thumb Code   112  stm32f7xx_hal_spdifrx.o(.text.HAL_SPDIFRX_Init)
    HAL_SPDIFRX_MspInit                      0x08002c31   Thumb Code   190  stm32f7xx_hal_msp.o(.text.HAL_SPDIFRX_MspInit)
    HAL_SPDIFRX_ReceiveDataFlow_DMA          0x08002cf1   Thumb Code   320  stm32f7xx_hal_spdifrx.o(.text.HAL_SPDIFRX_ReceiveDataFlow_DMA)
    HAL_SPDIFRX_RxCpltCallback               0x08002e31   Thumb Code    86  main.o(.text.HAL_SPDIFRX_RxCpltCallback)
    HAL_SPDIFRX_RxHalfCpltCallback           0x08002e89   Thumb Code     2  stm32f7xx_hal_spdifrx.o(.text.HAL_SPDIFRX_RxHalfCpltCallback)
    HAL_SYSTICK_Config                       0x08002e91   Thumb Code     8  stm32f7xx_hal_cortex.o(.text.HAL_SYSTICK_Config)
    HAL_UART_Init                            0x08002e99   Thumb Code    94  stm32f7xx_hal_uart.o(.text.HAL_UART_Init)
    HAL_UART_MspInit                         0x08002ef9   Thumb Code   112  stm32f7xx_hal_msp.o(.text.HAL_UART_MspInit)
    HardFault_Handler                        0x08002f69   Thumb Code     2  stm32f7xx_it.o(.text.HardFault_Handler)
    MemManage_Handler                        0x08003079   Thumb Code     2  stm32f7xx_it.o(.text.MemManage_Handler)
    NMI_Handler                              0x08003081   Thumb Code     2  stm32f7xx_it.o(.text.NMI_Handler)
    PendSV_Handler                           0x080030b9   Thumb Code     2  stm32f7xx_it.o(.text.PendSV_Handler)
    SPDIF_RX_IRQHandler                      0x08003191   Thumb Code    16  stm32f7xx_it.o(.text.SPDIF_RX_IRQHandler)
    SVC_Handler                              0x080031a1   Thumb Code     2  stm32f7xx_it.o(.text.SVC_Handler)
    SysTick_Handler                          0x080031d9   Thumb Code     8  stm32f7xx_it.o(.text.SysTick_Handler)
    SystemClock_Config                       0x080031e1   Thumb Code   202  main.o(.text.SystemClock_Config)
    SystemInit                               0x080032b1   Thumb Code    26  system_stm32f7xx.o(.text.SystemInit)
    UART_AdvFeatureConfig                    0x080032d1   Thumb Code   224  stm32f7xx_hal_uart.o(.text.UART_AdvFeatureConfig)
    UART_CheckIdleState                      0x080033b1   Thumb Code    98  stm32f7xx_hal_uart.o(.text.UART_CheckIdleState)
    UART_SetConfig                           0x08003419   Thumb Code   564  stm32f7xx_hal_uart.o(.text.UART_SetConfig)
    UART_WaitOnFlagUntilTimeout              0x08003651   Thumb Code   174  stm32f7xx_hal_uart.o(.text.UART_WaitOnFlagUntilTimeout)
    UsageFault_Handler                       0x08003701   Thumb Code     2  stm32f7xx_it.o(.text.UsageFault_Handler)
    _sys_close                               0x08003781   Thumb Code    18  retarget_io.o(.text._sys_close)
    _sys_flen                                0x08003799   Thumb Code     4  retarget_io.o(.text._sys_flen)
    _sys_istty                               0x080037a1   Thumb Code    16  retarget_io.o(.text._sys_istty)
    _sys_open                                0x080037b1   Thumb Code   100  retarget_io.o(.text._sys_open)
    _sys_read                                0x08003819   Thumb Code    42  retarget_io.o(.text._sys_read)
    _sys_seek                                0x08003849   Thumb Code     6  retarget_io.o(.text._sys_seek)
    _sys_write                               0x08003851   Thumb Code    46  retarget_io.o(.text._sys_write)
    arm_bitreversal_32                       0x08003881   Thumb Code    76  transformfunctions.o(.text.arm_bitreversal_32)
    arm_cfft_f32                             0x080038d1   Thumb Code   242  transformfunctions.o(.text.arm_cfft_f32)
    arm_cfft_radix8by2_f32                   0x080039c9   Thumb Code   386  transformfunctions.o(.text.arm_cfft_radix8by2_f32)
    arm_cfft_radix8by4_f32                   0x08003b51   Thumb Code   956  transformfunctions.o(.text.arm_cfft_radix8by4_f32)
    arm_cmplx_mag_f32                        0x08003f11   Thumb Code    84  complexmathfunctions.o(.text.arm_cmplx_mag_f32)
    arm_cos_f32                              0x08003f69   Thumb Code   144  fastmathfunctions.o(.text.arm_cos_f32)
    arm_radix8_butterfly_f32                 0x08003ff9   Thumb Code  1316  transformfunctions.o(.text.arm_radix8_butterfly_f32)
    arm_rfft_fast_f32                        0x08004521   Thumb Code    66  transformfunctions.o(.text.arm_rfft_fast_f32)
    dsp_fft                                  0x08004569   Thumb Code    38  dsp.o(.text.dsp_fft)
    dsp_hamming                              0x08004591   Thumb Code   144  dsp.o(.text.dsp_hamming)
    dsp_int2float                            0x08004621   Thumb Code    40  dsp.o(.text.dsp_int2float)
    main                                     0x08004649   Thumb Code    52  main.o(.text.main)
    merge_rfft_f32                           0x08004681   Thumb Code   168  transformfunctions.o(.text.merge_rfft_f32)
    stage_rfft_f32                           0x08004729   Thumb Code   170  transformfunctions.o(.text.stage_rfft_f32)
    stdin_getchar                            0x080047d9   Thumb Code    56  main.o(.text.stdin_getchar)
    stdout_putchar                           0x08004811   Thumb Code    50  main.o(.text.stdout_putchar)
    __hardfp_sqrtf                           0x08004843   Thumb Code    58  sqrtf.o(i.__hardfp_sqrtf)
    fgetc                                    0x0800487d   Thumb Code    24  fgetc.o(i.fgetc)
    fputc                                    0x08004895   Thumb Code    26  fputc.o(i.fputc)
    _get_lc_ctype                            0x080048b1   Thumb Code    44  lc_ctype_c.o(locale$$code)
    _fp_init                                 0x080048dd   Thumb Code    26  fpinit.o(x$fpl$fpinit)
    __fplib_config_fpu_vfp                   0x080048f5   Thumb Code     0  fpinit.o(x$fpl$fpinit)
    __fplib_config_pureend_doubles           0x080048f5   Thumb Code     0  fpinit.o(x$fpl$fpinit)
    AHBPrescTable                            0x080048f6   Data          16  system_stm32f7xx.o(.rodata.AHBPrescTable)
    __I$use$fp                               0x080048f6   Number         0  usenofp.o(x$fpl$usenofp)
    APBPrescTable                            0x08004906   Data           8  system_stm32f7xx.o(.rodata.APBPrescTable)
    __stderr_name                            0x0800490e   Data           8  retarget_io.o(.rodata.__stderr_name)
    __stdin_name                             0x08004916   Data           7  retarget_io.o(.rodata.__stdin_name)
    __stdout_name                            0x0800491d   Data           8  retarget_io.o(.rodata.__stdout_name)
    sinTable_f32                             0x08004928   Data        2052  commontables.o(.rodata.sinTable_f32)
    Region$$Table$$Base                      0x0800512c   Number         0  anon$$obj.o(Region$$Table)
    Region$$Table$$Limit                     0x0800514c   Number         0  anon$$obj.o(Region$$Table)
    __ctype                                  0x08005159   Data           0  lc_ctype_c.o(locale$$data)
    __aeabi_stdin                            0x20020000   Data           4  stdio_streams.o(.data)
    __aeabi_stdout                           0x20020004   Data           4  stdio_streams.o(.data)
    __aeabi_stderr                           0x20020008   Data           4  stdio_streams.o(.data)
    SystemCoreClock                          0x2002000c   Data           4  system_stm32f7xx.o(.data.SystemCoreClock)
    uwTickFreq                               0x20020010   Data           1  stm32f7xx_hal.o(.data.uwTickFreq)
    uwTickPrio                               0x20020014   Data           4  stm32f7xx_hal.o(.data.uwTickPrio)
    __stdin                                  0x20020018   Data          84  stdio_streams.o(.bss)
    __stdout                                 0x2002006c   Data          84  stdio_streams.o(.bss)
    __stderr                                 0x200200c0   Data          84  stdio_streams.o(.bss)
    __libspace_start                         0x20020114   Data          96  libspace.o(.bss)
    __temporary_stack_top$libspace           0x20020174   Data           0  libspace.o(.bss)
    fft_complete_flag                        0x20020174   Data           1  main.o(.bss.fft_complete_flag)
    freq_domain                              0x20020190   Data        8192  main.o(.bss.freq_domain)
    hdma_spdif_rx_dt                         0x20022190   Data          96  main.o(.bss.hdma_spdif_rx_dt)
    hspdif                                   0x200221f0   Data          76  main.o(.bss.hspdif)
    huart3                                   0x2002223c   Data         128  main.o(.bss.huart3)
    samples                                  0x200222bc   Data        8192  main.o(.bss.samples)
    time_domain                              0x200242bc   Data        8192  main.o(.bss.time_domain)
    uwTick                                   0x200262bc   Data           4  stm32f7xx_hal.o(.bss.uwTick)



==============================================================================

Memory Map of the image

  Image Entry point : 0x080001f9

  Load Region LR_IROM1 (Base: 0x08000000, Size: 0x00005278, Max: 0x00200000, ABSOLUTE)

    Execution Region ER_IROM1 (Exec base: 0x08000000, Load base: 0x08000000, Size: 0x0000525c, Max: 0x00200000, ABSOLUTE)

    Exec Addr    Load Addr    Size         Type   Attr      Idx    E Section Name        Object

    0x08000000   0x08000000   0x000001f8   Data   RO         1802    RESET               startup_stm32f767xx.o
    0x080001f8   0x080001f8   0x00000008   Code   RO         1878  * !!!main             c_w.l(__main.o)
    0x08000200   0x08000200   0x00000034   Code   RO         2406    !!!scatter          c_w.l(__scatter.o)
    0x08000234   0x08000234   0x0000001a   Code   RO         2408    !!handler_copy      c_w.l(__scatter_copy.o)
    0x0800024e   0x0800024e   0x00000002   PAD
    0x08000250   0x08000250   0x0000001c   Code   RO         2410    !!handler_zi        c_w.l(__scatter_zi.o)
    0x0800026c   0x0800026c   0x00000000   Code   RO         1859    .ARM.Collect$$_printf_percent$$00000000  c_w.l(_printf_percent.o)
    0x0800026c   0x0800026c   0x00000006   Code   RO         1858    .ARM.Collect$$_printf_percent$$00000009  c_w.l(_printf_d.o)
    0x08000272   0x08000272   0x00000004   Code   RO         1975    .ARM.Collect$$_printf_percent$$00000017  c_w.l(_printf_percent_end.o)
    0x08000276   0x08000276   0x00000002   Code   RO         2193    .ARM.Collect$$libinit$$00000000  c_w.l(libinit.o)
    0x08000278   0x08000278   0x00000004   Code   RO         2194    .ARM.Collect$$libinit$$00000001  c_w.l(libinit2.o)
    0x0800027c   0x0800027c   0x00000000   Code   RO         2197    .ARM.Collect$$libinit$$00000004  c_w.l(libinit2.o)
    0x0800027c   0x0800027c   0x00000008   Code   RO         2198    .ARM.Collect$$libinit$$00000005  c_w.l(libinit2.o)
    0x08000284   0x08000284   0x00000000   Code   RO         2200    .ARM.Collect$$libinit$$0000000A  c_w.l(libinit2.o)
    0x08000284   0x08000284   0x00000000   Code   RO         2202    .ARM.Collect$$libinit$$0000000C  c_w.l(libinit2.o)
    0x08000284   0x08000284   0x00000000   Code   RO         2204    .ARM.Collect$$libinit$$0000000E  c_w.l(libinit2.o)
    0x08000284   0x08000284   0x00000006   Code   RO         2205    .ARM.Collect$$libinit$$0000000F  c_w.l(libinit2.o)
    0x0800028a   0x0800028a   0x00000000   Code   RO         2207    .ARM.Collect$$libinit$$00000011  c_w.l(libinit2.o)
    0x0800028a   0x0800028a   0x0000000c   Code   RO         2208    .ARM.Collect$$libinit$$00000012  c_w.l(libinit2.o)
    0x08000296   0x08000296   0x00000000   Code   RO         2209    .ARM.Collect$$libinit$$00000013  c_w.l(libinit2.o)
    0x08000296   0x08000296   0x00000000   Code   RO         2211    .ARM.Collect$$libinit$$00000015  c_w.l(libinit2.o)
    0x08000296   0x08000296   0x00000000   Code   RO         2213    .ARM.Collect$$libinit$$00000017  c_w.l(libinit2.o)
    0x08000296   0x08000296   0x00000000   Code   RO         2215    .ARM.Collect$$libinit$$00000019  c_w.l(libinit2.o)
    0x08000296   0x08000296   0x00000000   Code   RO         2217    .ARM.Collect$$libinit$$0000001B  c_w.l(libinit2.o)
    0x08000296   0x08000296   0x00000000   Code   RO         2219    .ARM.Collect$$libinit$$0000001D  c_w.l(libinit2.o)
    0x08000296   0x08000296   0x00000000   Code   RO         2221    .ARM.Collect$$libinit$$0000001F  c_w.l(libinit2.o)
    0x08000296   0x08000296   0x00000000   Code   RO         2223    .ARM.Collect$$libinit$$00000021  c_w.l(libinit2.o)
    0x08000296   0x08000296   0x00000000   Code   RO         2225    .ARM.Collect$$libinit$$00000023  c_w.l(libinit2.o)
    0x08000296   0x08000296   0x00000004   Code   RO         2226    .ARM.Collect$$libinit$$00000024  c_w.l(libinit2.o)
    0x0800029a   0x0800029a   0x00000000   Code   RO         2227    .ARM.Collect$$libinit$$00000025  c_w.l(libinit2.o)
    0x0800029a   0x0800029a   0x00000000   Code   RO         2231    .ARM.Collect$$libinit$$0000002C  c_w.l(libinit2.o)
    0x0800029a   0x0800029a   0x00000000   Code   RO         2233    .ARM.Collect$$libinit$$0000002E  c_w.l(libinit2.o)
    0x0800029a   0x0800029a   0x00000000   Code   RO         2235    .ARM.Collect$$libinit$$00000030  c_w.l(libinit2.o)
    0x0800029a   0x0800029a   0x00000000   Code   RO         2237    .ARM.Collect$$libinit$$00000032  c_w.l(libinit2.o)
    0x0800029a   0x0800029a   0x00000002   Code   RO         2238    .ARM.Collect$$libinit$$00000033  c_w.l(libinit2.o)
    0x0800029c   0x0800029c   0x00000002   Code   RO         2387    .ARM.Collect$$libshutdown$$00000000  c_w.l(libshutdown.o)
    0x0800029e   0x0800029e   0x00000000   Code   RO         2240    .ARM.Collect$$libshutdown$$00000002  c_w.l(libshutdown2.o)
    0x0800029e   0x0800029e   0x00000004   Code   RO         2241    .ARM.Collect$$libshutdown$$00000003  c_w.l(libshutdown2.o)
    0x080002a2   0x080002a2   0x00000000   Code   RO         2242    .ARM.Collect$$libshutdown$$00000004  c_w.l(libshutdown2.o)
    0x080002a2   0x080002a2   0x00000000   Code   RO         2245    .ARM.Collect$$libshutdown$$00000007  c_w.l(libshutdown2.o)
    0x080002a2   0x080002a2   0x00000000   Code   RO         2248    .ARM.Collect$$libshutdown$$0000000A  c_w.l(libshutdown2.o)
    0x080002a2   0x080002a2   0x00000000   Code   RO         2250    .ARM.Collect$$libshutdown$$0000000C  c_w.l(libshutdown2.o)
    0x080002a2   0x080002a2   0x00000000   Code   RO         2253    .ARM.Collect$$libshutdown$$0000000F  c_w.l(libshutdown2.o)
    0x080002a2   0x080002a2   0x00000002   Code   RO         2254    .ARM.Collect$$libshutdown$$00000010  c_w.l(libshutdown2.o)
    0x080002a4   0x080002a4   0x00000000   Code   RO         1964    .ARM.Collect$$rtentry$$00000000  c_w.l(__rtentry.o)
    0x080002a4   0x080002a4   0x00000000   Code   RO         2029    .ARM.Collect$$rtentry$$00000002  c_w.l(__rtentry2.o)
    0x080002a4   0x080002a4   0x00000006   Code   RO         2041    .ARM.Collect$$rtentry$$00000004  c_w.l(__rtentry4.o)
    0x080002aa   0x080002aa   0x00000000   Code   RO         2031    .ARM.Collect$$rtentry$$00000009  c_w.l(__rtentry2.o)
    0x080002aa   0x080002aa   0x00000004   Code   RO         2032    .ARM.Collect$$rtentry$$0000000A  c_w.l(__rtentry2.o)
    0x080002ae   0x080002ae   0x00000000   Code   RO         2034    .ARM.Collect$$rtentry$$0000000C  c_w.l(__rtentry2.o)
    0x080002ae   0x080002ae   0x00000008   Code   RO         2035    .ARM.Collect$$rtentry$$0000000D  c_w.l(__rtentry2.o)
    0x080002b6   0x080002b6   0x00000002   Code   RO         2257    .ARM.Collect$$rtexit$$00000000  c_w.l(rtexit.o)
    0x080002b8   0x080002b8   0x00000000   Code   RO         2333    .ARM.Collect$$rtexit$$00000002  c_w.l(rtexit2.o)
    0x080002b8   0x080002b8   0x00000004   Code   RO         2334    .ARM.Collect$$rtexit$$00000003  c_w.l(rtexit2.o)
    0x080002bc   0x080002bc   0x00000006   Code   RO         2335    .ARM.Collect$$rtexit$$00000004  c_w.l(rtexit2.o)
    0x080002c2   0x080002c2   0x00000002   PAD
    0x080002c4   0x080002c4   0x00000040   Code   RO         1803    .text               startup_stm32f767xx.o
    0x08000304   0x08000304   0x000000f0   Code   RO         1826    .text               c_w.l(lludivv7m.o)
    0x080003f4   0x080003f4   0x00000018   Code   RO         1832    .text               c_w.l(noretval__2printf.o)
    0x0800040c   0x0800040c   0x00000068   Code   RO         1834    .text               c_w.l(__printf.o)
    0x08000474   0x08000474   0x00000078   Code   RO         1836    .text               c_w.l(_printf_dec.o)
    0x080004ec   0x080004ec   0x00000020   Code   RO         1860    .text               c_w.l(__0scanf.o)
    0x0800050c   0x0800050c   0x000000e0   Code   RO         1862    .text               c_w.l(_scanf_str.o)
    0x080005ec   0x080005ec   0x0000002c   Code   RO         1864    .text               c_w.l(puts.o)
    0x08000618   0x08000618   0x0000004e   Code   RO         1872    .text               c_w.l(rt_memclr_w.o)
    0x08000666   0x08000666   0x00000002   PAD
    0x08000668   0x08000668   0x0000007c   Code   RO         1874    .text               c_w.l(strcmpv7m_pel.o)
    0x080006e4   0x080006e4   0x00000006   Code   RO         1876    .text               c_w.l(heapauxi.o)
    0x080006ea   0x080006ea   0x00000016   Code   RO         1969    .text               c_w.l(_rserrno.o)
    0x08000700   0x08000700   0x000000b2   Code   RO         1971    .text               c_w.l(_printf_intcommon.o)
    0x080007b2   0x080007b2   0x00000002   PAD
    0x080007b4   0x080007b4   0x00000024   Code   RO         1973    .text               c_w.l(_printf_char_file.o)
    0x080007d8   0x080007d8   0x00000018   Code   RO         1976    .text               c_w.l(scanf_char_file.o)
    0x080007f0   0x080007f0   0x00000008   Code   RO         2048    .text               c_w.l(rt_errno_addr_intlibspace.o)
    0x080007f8   0x080007f8   0x00000030   Code   RO         2050    .text               c_w.l(_printf_char_common.o)
    0x08000828   0x08000828   0x0000002c   Code   RO         2052    .text               c_w.l(scanf_char.o)
    0x08000854   0x08000854   0x00000048   Code   RO         2054    .text               c_w.l(backspace.o)
    0x0800089c   0x0800089c   0x00000008   Code   RO         2056    .text               c_w.l(ferror.o)
    0x080008a4   0x080008a4   0x000001d6   Code   RO         2062    .text               c_w.l(flsbuf.o)
    0x08000a7a   0x08000a7a   0x00000002   PAD
    0x08000a7c   0x08000a7c   0x00000138   Code   RO         2064    .text               c_w.l(initio.o)
    0x08000bb4   0x08000bb4   0x00000008   Code   RO         2076    .text               c_w.l(libspace.o)
    0x08000bbc   0x08000bbc   0x0000004a   Code   RO         2081    .text               c_w.l(sys_stackheap_outer.o)
    0x08000c06   0x08000c06   0x0000005e   Code   RO         2087    .text               c_w.l(h1_alloc.o)
    0x08000c64   0x08000c64   0x0000004e   Code   RO         2089    .text               c_w.l(h1_free.o)
    0x08000cb2   0x08000cb2   0x00000012   Code   RO         2145    .text               c_w.l(isspace.o)
    0x08000cc4   0x08000cc4   0x00000374   Code   RO         2151    .text               c_w.l(_scanf.o)
    0x08001038   0x08001038   0x0000023a   Code   RO         2153    .text               c_w.l(filbuf.o)
    0x08001272   0x08001272   0x00000046   Code   RO         2155    .text               c_w.l(setvbuf.o)
    0x080012b8   0x080012b8   0x000000f0   Code   RO         2157    .text               c_w.l(stdio.o)
    0x080013a8   0x080013a8   0x00000048   Code   RO         2159    .text               c_w.l(ungetc.o)
    0x080013f0   0x080013f0   0x000000f0   Code   RO         2164    .text               c_w.l(fopen.o)
    0x080014e0   0x080014e0   0x0000004c   Code   RO         2166    .text               c_w.l(fclose.o)
    0x0800152c   0x0800152c   0x00000012   Code   RO         2176    .text               c_w.l(exit.o)
    0x0800153e   0x0800153e   0x0000000e   Code   RO         2182    .text               c_w.l(defsig_rtred_outer.o)
    0x0800154c   0x0800154c   0x00000010   Code   RO         2259    .text               c_w.l(rt_ctype_table.o)
    0x0800155c   0x0800155c   0x00000008   Code   RO         2266    .text               c_w.l(rt_heap_descriptor_intlibspace.o)
    0x08001564   0x08001564   0x00000004   Code   RO         2268    .text               c_w.l(hguard.o)
    0x08001568   0x08001568   0x0000008a   Code   RO         2270    .text               c_w.l(init_alloc.o)
    0x080015f2   0x080015f2   0x0000000e   Code   RO         2274    .text               c_w.l(h1_init.o)
    0x08001600   0x08001600   0x00000064   Code   RO         2288    .text               c_w.l(fflush.o)
    0x08001664   0x08001664   0x000000f8   Code   RO         2292    .text               c_w.l(fseek.o)
    0x0800175c   0x0800175c   0x00000038   Code   RO         2298    .text               c_w.l(flushlinebuffered.o)
    0x08001794   0x08001794   0x0000000a   Code   RO         2310    .text               c_w.l(defsig_exit.o)
    0x0800179e   0x0800179e   0x00000002   PAD
    0x080017a0   0x080017a0   0x00000034   Code   RO         2314    .text               c_w.l(defsig_rtred_inner.o)
    0x080017d4   0x080017d4   0x0000000c   Code   RO         2326    .text               c_w.l(sys_exit.o)
    0x080017e0   0x080017e0   0x00000008   Code   RO         2342    .text               c_w.l(rt_locale_intlibspace.o)
    0x080017e8   0x080017e8   0x00000000   Code   RO         2346    .text               c_w.l(maybetermalloc1.o)
    0x080017e8   0x080017e8   0x00000034   Code   RO         2348    .text               c_w.l(h1_extend.o)
    0x0800181c   0x0800181c   0x00000042   Code   RO         2352    .text               c_w.l(ftell.o)
    0x0800185e   0x0800185e   0x00000032   Code   RO         2359    .text               c_w.l(defsig_general.o)
    0x08001890   0x08001890   0x0000000e   Code   RO         2361    .text               c_w.l(defsig_rtmem_outer.o)
    0x0800189e   0x0800189e   0x0000000e   Code   RO         2372    .text               c_w.l(sys_wrch.o)
    0x080018ac   0x080018ac   0x00000002   Code   RO         2376    .text               c_w.l(use_no_semi.o)
    0x080018ae   0x080018ae   0x00000000   Code   RO         2378    .text               c_w.l(indicate_semi.o)
    0x080018ae   0x080018ae   0x00000002   PAD
    0x080018b0   0x080018b0   0x00000050   Code   RO         2381    .text               c_w.l(defsig_rtmem_inner.o)
    0x08001900   0x08001900   0x00000002   Code   RO           67    .text.BusFault_Handler  stm32f7xx_it.o
    0x08001902   0x08001902   0x00000006   PAD
    0x08001908   0x08001908   0x00000010   Code   RO           79    .text.DMA1_Stream1_IRQHandler  stm32f7xx_it.o
    0x08001918   0x08001918   0x00000044   Code   RO         1351    .text.DMA_CalcBaseAndBitshift  stm32f7xx_hal_dma.o
    0x0800195c   0x0800195c   0x00000004   PAD
    0x08001960   0x08001960   0x0000004c   Code   RO         1349    .text.DMA_CheckFifoParam  stm32f7xx_hal_dma.o
    0x080019ac   0x080019ac   0x00000004   PAD
    0x080019b0   0x080019b0   0x00000030   Code   RO         1357    .text.DMA_SetConfig  stm32f7xx_hal_dma.o
    0x080019e0   0x080019e0   0x00000002   Code   RO           73    .text.DebugMon_Handler  stm32f7xx_it.o
    0x080019e2   0x080019e2   0x00000006   PAD
    0x080019e8   0x080019e8   0x0000000a   Code   RO           35    .text.Error_Handler  main.o
    0x080019f2   0x080019f2   0x00000006   PAD
    0x080019f8   0x080019f8   0x0000018c   Code   RO         1367    .text.HAL_DMA_IRQHandler  stm32f7xx_hal_dma.o
    0x08001b84   0x08001b84   0x00000004   PAD
    0x08001b88   0x08001b88   0x000000c6   Code   RO         1347    .text.HAL_DMA_Init  stm32f7xx_hal_dma.o
    0x08001c4e   0x08001c4e   0x00000002   PAD
    0x08001c50   0x08001c50   0x0000006c   Code   RO         1359    .text.HAL_DMA_Start_IT  stm32f7xx_hal_dma.o
    0x08001cbc   0x08001cbc   0x00000004   PAD
    0x08001cc0   0x08001cc0   0x00000196   Code   RO         1401    .text.HAL_GPIO_Init  stm32f7xx_hal_gpio.o
    0x08001e56   0x08001e56   0x00000002   PAD
    0x08001e58   0x08001e58   0x0000000c   Code   RO         1214    .text.HAL_GetTick   stm32f7xx_hal.o
    0x08001e64   0x08001e64   0x00000004   PAD
    0x08001e68   0x08001e68   0x0000001a   Code   RO         1212    .text.HAL_IncTick   stm32f7xx_hal.o
    0x08001e82   0x08001e82   0x00000006   PAD
    0x08001e88   0x08001e88   0x00000016   Code   RO         1202    .text.HAL_Init      stm32f7xx_hal.o
    0x08001e9e   0x08001e9e   0x00000002   PAD
    0x08001ea0   0x08001ea0   0x00000050   Code   RO         1204    .text.HAL_InitTick  stm32f7xx_hal.o
    0x08001ef0   0x08001ef0   0x00000032   Code   RO         1783    .text.HAL_MspInit   stm32f7xx_hal_msp.o
    0x08001f22   0x08001f22   0x00000006   PAD
    0x08001f28   0x08001f28   0x00000008   Code   RO         1287    .text.HAL_NVIC_EnableIRQ  stm32f7xx_hal_cortex.o
    0x08001f30   0x08001f30   0x0000001e   Code   RO         1279    .text.HAL_NVIC_SetPriority  stm32f7xx_hal_cortex.o
    0x08001f4e   0x08001f4e   0x00000002   PAD
    0x08001f50   0x08001f50   0x00000008   Code   RO         1275    .text.HAL_NVIC_SetPriorityGrouping  stm32f7xx_hal_cortex.o
    0x08001f58   0x08001f58   0x00000076   Code   RO         1483    .text.HAL_PWREx_EnableOverDrive  stm32f7xx_hal_pwr_ex.o
    0x08001fce   0x08001fce   0x00000002   PAD
    0x08001fd0   0x08001fd0   0x000005c6   Code   RO         1537    .text.HAL_RCCEx_PeriphCLKConfig  stm32f7xx_hal_rcc_ex.o
    0x08002596   0x08002596   0x00000002   PAD
    0x08002598   0x08002598   0x0000014e   Code   RO         1505    .text.HAL_RCC_ClockConfig  stm32f7xx_hal_rcc.o
    0x080026e6   0x080026e6   0x00000002   PAD
    0x080026e8   0x080026e8   0x0000000c   Code   RO         1515    .text.HAL_RCC_GetHCLKFreq  stm32f7xx_hal_rcc.o
    0x080026f4   0x080026f4   0x00000004   PAD
    0x080026f8   0x080026f8   0x00000022   Code   RO         1517    .text.HAL_RCC_GetPCLK1Freq  stm32f7xx_hal_rcc.o
    0x0800271a   0x0800271a   0x00000006   PAD
    0x08002720   0x08002720   0x00000022   Code   RO         1519    .text.HAL_RCC_GetPCLK2Freq  stm32f7xx_hal_rcc.o
    0x08002742   0x08002742   0x00000006   PAD
    0x08002748   0x08002748   0x0000006a   Code   RO         1507    .text.HAL_RCC_GetSysClockFreq  stm32f7xx_hal_rcc.o
    0x080027b2   0x080027b2   0x00000006   PAD
    0x080027b8   0x080027b8   0x00000350   Code   RO         1503    .text.HAL_RCC_OscConfig  stm32f7xx_hal_rcc.o
    0x08002b08   0x08002b08   0x00000002   Code   RO         1609    .text.HAL_SPDIFRX_CxCpltCallback  stm32f7xx_hal_spdifrx.o
    0x08002b0a   0x08002b0a   0x00000006   PAD
    0x08002b10   0x08002b10   0x0000003c   Code   RO           43    .text.HAL_SPDIFRX_ErrorCallback  main.o
    0x08002b4c   0x08002b4c   0x00000004   PAD
    0x08002b50   0x08002b50   0x0000006a   Code   RO         1595    .text.HAL_SPDIFRX_IRQHandler  stm32f7xx_hal_spdifrx.o
    0x08002bba   0x08002bba   0x00000006   PAD
    0x08002bc0   0x08002bc0   0x00000070   Code   RO         1559    .text.HAL_SPDIFRX_Init  stm32f7xx_hal_spdifrx.o
    0x08002c30   0x08002c30   0x000000be   Code   RO         1785    .text.HAL_SPDIFRX_MspInit  stm32f7xx_hal_msp.o
    0x08002cee   0x08002cee   0x00000002   PAD
    0x08002cf0   0x08002cf0   0x00000140   Code   RO         1579    .text.HAL_SPDIFRX_ReceiveDataFlow_DMA  stm32f7xx_hal_spdifrx.o
    0x08002e30   0x08002e30   0x00000056   Code   RO           41    .text.HAL_SPDIFRX_RxCpltCallback  main.o
    0x08002e86   0x08002e86   0x00000002   PAD
    0x08002e88   0x08002e88   0x00000002   Code   RO         1603    .text.HAL_SPDIFRX_RxHalfCpltCallback  stm32f7xx_hal_spdifrx.o
    0x08002e8a   0x08002e8a   0x00000006   PAD
    0x08002e90   0x08002e90   0x00000008   Code   RO         1299    .text.HAL_SYSTICK_Config  stm32f7xx_hal_cortex.o
    0x08002e98   0x08002e98   0x0000005e   Code   RO         1623    .text.HAL_UART_Init  stm32f7xx_hal_uart.o
    0x08002ef6   0x08002ef6   0x00000002   PAD
    0x08002ef8   0x08002ef8   0x00000070   Code   RO         1789    .text.HAL_UART_MspInit  stm32f7xx_hal_msp.o
    0x08002f68   0x08002f68   0x00000002   Code   RO           63    .text.HardFault_Handler  stm32f7xx_it.o
    0x08002f6a   0x08002f6a   0x00000006   PAD
    0x08002f70   0x08002f70   0x00000032   Code   RO           29    .text.MX_DMA_Init   main.o
    0x08002fa2   0x08002fa2   0x00000006   PAD
    0x08002fa8   0x08002fa8   0x00000044   Code   RO           27    .text.MX_GPIO_Init  main.o
    0x08002fec   0x08002fec   0x00000004   PAD
    0x08002ff0   0x08002ff0   0x00000042   Code   RO           31    .text.MX_SPDIFRX_Init  main.o
    0x08003032   0x08003032   0x00000006   PAD
    0x08003038   0x08003038   0x0000003c   Code   RO           33    .text.MX_USART3_UART_Init  main.o
    0x08003074   0x08003074   0x00000004   PAD
    0x08003078   0x08003078   0x00000002   Code   RO           65    .text.MemManage_Handler  stm32f7xx_it.o
    0x0800307a   0x0800307a   0x00000006   PAD
    0x08003080   0x08003080   0x00000002   Code   RO           61    .text.NMI_Handler   stm32f7xx_it.o
    0x08003082   0x08003082   0x00000006   PAD
    0x08003088   0x08003088   0x0000002e   Code   RO         1285    .text.NVIC_EncodePriority  stm32f7xx_hal_cortex.o
    0x080030b6   0x080030b6   0x00000002   PAD
    0x080030b8   0x080030b8   0x00000002   Code   RO           75    .text.PendSV_Handler  stm32f7xx_it.o
    0x080030ba   0x080030ba   0x00000006   PAD
    0x080030c0   0x080030c0   0x00000028   Code   RO         1585    .text.SPDIFRX_DMAError  stm32f7xx_hal_spdifrx.o
    0x080030e8   0x080030e8   0x00000028   Code   RO         1583    .text.SPDIFRX_DMARxCplt  stm32f7xx_hal_spdifrx.o
    0x08003110   0x08003110   0x0000000a   Code   RO         1581    .text.SPDIFRX_DMARxHalfCplt  stm32f7xx_hal_spdifrx.o
    0x0800311a   0x0800311a   0x00000006   PAD
    0x08003120   0x08003120   0x00000038   Code   RO         1599    .text.SPDIFRX_ReceiveControlFlow_IT  stm32f7xx_hal_spdifrx.o
    0x08003158   0x08003158   0x00000038   Code   RO         1597    .text.SPDIFRX_ReceiveDataFlow_IT  stm32f7xx_hal_spdifrx.o
    0x08003190   0x08003190   0x00000010   Code   RO           81    .text.SPDIF_RX_IRQHandler  stm32f7xx_it.o
    0x080031a0   0x080031a0   0x00000002   Code   RO           71    .text.SVC_Handler   stm32f7xx_it.o
    0x080031a2   0x080031a2   0x00000006   PAD
    0x080031a8   0x080031a8   0x0000002e   Code   RO         1301    .text.SysTick_Config  stm32f7xx_hal_cortex.o
    0x080031d6   0x080031d6   0x00000002   PAD
    0x080031d8   0x080031d8   0x00000008   Code   RO           77    .text.SysTick_Handler  stm32f7xx_it.o
    0x080031e0   0x080031e0   0x000000ca   Code   RO           25    .text.SystemClock_Config  main.o
    0x080032aa   0x080032aa   0x00000006   PAD
    0x080032b0   0x080032b0   0x0000001a   Code   RO         1810    .text.SystemInit    system_stm32f7xx.o
    0x080032ca   0x080032ca   0x00000006   PAD
    0x080032d0   0x080032d0   0x000000e0   Code   RO         1629    .text.UART_AdvFeatureConfig  stm32f7xx_hal_uart.o
    0x080033b0   0x080033b0   0x00000062   Code   RO         1631    .text.UART_CheckIdleState  stm32f7xx_hal_uart.o
    0x08003412   0x08003412   0x00000006   PAD
    0x08003418   0x08003418   0x00000234   Code   RO         1627    .text.UART_SetConfig  stm32f7xx_hal_uart.o
    0x0800364c   0x0800364c   0x00000004   PAD
    0x08003650   0x08003650   0x000000ae   Code   RO         1645    .text.UART_WaitOnFlagUntilTimeout  stm32f7xx_hal_uart.o
    0x080036fe   0x080036fe   0x00000002   PAD
    0x08003700   0x08003700   0x00000002   Code   RO           69    .text.UsageFault_Handler  stm32f7xx_it.o
    0x08003702   0x08003702   0x00000006   PAD
    0x08003708   0x08003708   0x00000020   Code   RO         1289    .text.__NVIC_EnableIRQ  stm32f7xx_hal_cortex.o
    0x08003728   0x08003728   0x00000010   Code   RO         1281    .text.__NVIC_GetPriorityGrouping  stm32f7xx_hal_cortex.o
    0x08003738   0x08003738   0x00000022   Code   RO         1283    .text.__NVIC_SetPriority  stm32f7xx_hal_cortex.o
    0x0800375a   0x0800375a   0x00000006   PAD
    0x08003760   0x08003760   0x00000020   Code   RO         1277    .text.__NVIC_SetPriorityGrouping  stm32f7xx_hal_cortex.o
    0x08003780   0x08003780   0x00000012   Code   RO         1179    .text._sys_close    retarget_io.o
    0x08003792   0x08003792   0x00000006   PAD
    0x08003798   0x08003798   0x00000004   Code   RO         1189    .text._sys_flen     retarget_io.o
    0x0800379c   0x0800379c   0x00000004   PAD
    0x080037a0   0x080037a0   0x00000010   Code   RO         1185    .text._sys_istty    retarget_io.o
    0x080037b0   0x080037b0   0x00000064   Code   RO         1177    .text._sys_open     retarget_io.o
    0x08003814   0x08003814   0x00000004   PAD
    0x08003818   0x08003818   0x0000002a   Code   RO         1183    .text._sys_read     retarget_io.o
    0x08003842   0x08003842   0x00000006   PAD
    0x08003848   0x08003848   0x00000006   Code   RO         1187    .text._sys_seek     retarget_io.o
    0x0800384e   0x0800384e   0x00000002   PAD
    0x08003850   0x08003850   0x0000002e   Code   RO         1181    .text._sys_write    retarget_io.o
    0x0800387e   0x0800387e   0x00000002   PAD
    0x08003880   0x08003880   0x0000004c   Code   RO          999    .text.arm_bitreversal_32  transformfunctions.o
    0x080038cc   0x080038cc   0x00000004   PAD
    0x080038d0   0x080038d0   0x000000f2   Code   RO         1009    .text.arm_cfft_f32  transformfunctions.o
    0x080039c2   0x080039c2   0x00000006   PAD
    0x080039c8   0x080039c8   0x00000182   Code   RO         1003    .text.arm_cfft_radix8by2_f32  transformfunctions.o
    0x08003b4a   0x08003b4a   0x00000006   PAD
    0x08003b50   0x08003b50   0x000003bc   Code   RO         1007    .text.arm_cfft_radix8by4_f32  transformfunctions.o
    0x08003f0c   0x08003f0c   0x00000004   PAD
    0x08003f10   0x08003f10   0x00000054   Code   RO          403    .text.arm_cmplx_mag_f32  complexmathfunctions.o
    0x08003f64   0x08003f64   0x00000004   PAD
    0x08003f68   0x08003f68   0x00000090   Code   RO          513    .text.arm_cos_f32   fastmathfunctions.o
    0x08003ff8   0x08003ff8   0x00000524   Code   RO         1005    .text.arm_radix8_butterfly_f32  transformfunctions.o
    0x0800451c   0x0800451c   0x00000004   PAD
    0x08004520   0x08004520   0x00000042   Code   RO         1117    .text.arm_rfft_fast_f32  transformfunctions.o
    0x08004562   0x08004562   0x00000006   PAD
    0x08004568   0x08004568   0x00000026   Code   RO            8    .text.dsp_fft       dsp.o
    0x0800458e   0x0800458e   0x00000002   PAD
    0x08004590   0x08004590   0x00000090   Code   RO            2    .text.dsp_hamming   dsp.o
    0x08004620   0x08004620   0x00000028   Code   RO            4    .text.dsp_int2float  dsp.o
    0x08004648   0x08004648   0x00000034   Code   RO           23    .text.main          main.o
    0x0800467c   0x0800467c   0x00000004   PAD
    0x08004680   0x08004680   0x000000a8   Code   RO         1115    .text.merge_rfft_f32  transformfunctions.o
    0x08004728   0x08004728   0x000000aa   Code   RO         1113    .text.stage_rfft_f32  transformfunctions.o
    0x080047d2   0x080047d2   0x00000006   PAD
    0x080047d8   0x080047d8   0x00000038   Code   RO           39    .text.stdin_getchar  main.o
    0x08004810   0x08004810   0x00000032   Code   RO           37    .text.stdout_putchar  main.o
    0x08004842   0x08004842   0x0000003a   Code   RO         1940    i.__hardfp_sqrtf    m_wv.l(sqrtf.o)
    0x0800487c   0x0800487c   0x00000018   Code   RO         2059    i.fgetc             c_w.l(fgetc.o)
    0x08004894   0x08004894   0x0000001a   Code   RO         1979    i.fputc             c_w.l(fputc.o)
    0x080048ae   0x080048ae   0x00000002   PAD
    0x080048b0   0x080048b0   0x0000002c   Code   RO         2355    locale$$code        c_w.l(lc_ctype_c.o)
    0x080048dc   0x080048dc   0x0000001a   Code   RO         2322    x$fpl$fpinit        fz_wv.l(fpinit.o)
    0x080048f6   0x080048f6   0x00000000   Code   RO         1994    x$fpl$usenofp       fz_wv.l(usenofp.o)
    0x080048f6   0x080048f6   0x00000010   Data   RO         1815    .rodata.AHBPrescTable  system_stm32f7xx.o
    0x08004906   0x08004906   0x00000008   Data   RO         1816    .rodata.APBPrescTable  system_stm32f7xx.o
    0x0800490e   0x0800490e   0x00000008   Data   RO         1193    .rodata.__stderr_name  retarget_io.o
    0x08004916   0x08004916   0x00000007   Data   RO         1191    .rodata.__stdin_name  retarget_io.o
    0x0800491d   0x0800491d   0x00000008   Data   RO         1192    .rodata.__stdout_name  retarget_io.o
    0x08004925   0x08004925   0x00000003   PAD
    0x08004928   0x08004928   0x00000804   Data   RO          313    .rodata.sinTable_f32  commontables.o
    0x0800512c   0x0800512c   0x00000020   Data   RO         2405    Region$$Table       anon$$obj.o
    0x0800514c   0x0800514c   0x00000110   Data   RO         2354    locale$$data        c_w.l(lc_ctype_c.o)


    Execution Region RW_IRAM2 (Exec base: 0x20000000, Load base: 0x08005278, Size: 0x00000000, Max: 0x00020000, ABSOLUTE)

    **** No section assigned to this execution region ****


    Execution Region RW_IRAM1 (Exec base: 0x20020000, Load base: 0x08005260, Size: 0x000068c0, Max: 0x00060000, ABSOLUTE)

    Exec Addr    Load Addr    Size         Type   Attr      Idx    E Section Name        Object

    0x20020000   0x08005260   0x00000004   Data   RW         1985    .data               c_w.l(stdio_streams.o)
    0x20020004   0x08005264   0x00000004   Data   RW         1986    .data               c_w.l(stdio_streams.o)
    0x20020008   0x08005268   0x00000004   Data   RW         1987    .data               c_w.l(stdio_streams.o)
    0x2002000c   0x0800526c   0x00000004   Data   RW         1814    .data.SystemCoreClock  system_stm32f7xx.o
    0x20020010   0x08005270   0x00000001   Data   RW         1265    .data.uwTickFreq    stm32f7xx_hal.o
    0x20020011   0x08005271   0x00000003   PAD
    0x20020014   0x08005274   0x00000004   Data   RW         1264    .data.uwTickPrio    stm32f7xx_hal.o
    0x20020018        -       0x00000054   Zero   RW         1982    .bss                c_w.l(stdio_streams.o)
    0x2002006c        -       0x00000054   Zero   RW         1983    .bss                c_w.l(stdio_streams.o)
    0x200200c0        -       0x00000054   Zero   RW         1984    .bss                c_w.l(stdio_streams.o)
    0x20020114        -       0x00000060   Zero   RW         2077    .bss                c_w.l(libspace.o)
    0x20020174        -       0x00000001   Zero   RW           45    .bss.fft_complete_flag  main.o
    0x20020175   0x08005278   0x00000003   PAD
    0x20020178        -       0x00000018   Zero   RW           14    .bss.fft_handler    dsp.o
    0x20020190        -       0x00002000   Zero   RW           49    .bss.freq_domain    main.o
    0x20022190        -       0x00000060   Zero   RW           51    .bss.hdma_spdif_rx_dt  main.o
    0x200221f0        -       0x0000004c   Zero   RW           50    .bss.hspdif         main.o
    0x2002223c        -       0x00000080   Zero   RW           46    .bss.huart3         main.o
    0x200222bc        -       0x00002000   Zero   RW           47    .bss.samples        main.o
    0x200242bc        -       0x00002000   Zero   RW           48    .bss.time_domain    main.o
    0x200262bc        -       0x00000004   Zero   RW         1266    .bss.uwTick         stm32f7xx_hal.o
    0x200262c0        -       0x00000200   Zero   RW         1801    HEAP                startup_stm32f767xx.o
    0x200264c0        -       0x00000400   Zero   RW         1800    STACK               startup_stm32f767xx.o


==============================================================================

Image component sizes


      Code (inc. data)   RO Data    RW Data    ZI Data      Debug   Object Name

         0          0       2052          0          0      10641   commontables.o
        84          0          0          0          0      10026   complexmathfunctions.o
       222         24          0          0         24       2712   dsp.o
       144         12          0          0          0       6124   fastmathfunctions.o
       760         52          0          0      24877      11924   main.o
       232         24         23          0          0       2588   retarget_io.o
        64         26        504          0       1536        864   startup_stm32f767xx.o
       140          0          0          5          4       8524   stm32f7xx_hal.o
       260          0          0          0          0      11799   stm32f7xx_hal_cortex.o
       894         12          0          0          0       9198   stm32f7xx_hal_dma.o
       406          0          0          0          0       5376   stm32f7xx_hal_gpio.o
       352          0          0          0          0       9117   stm32f7xx_hal_msp.o
       118          0          0          0          0       5963   stm32f7xx_hal_pwr_ex.o
      1368          0          0          0          0       8015   stm32f7xx_hal_rcc.o
      1478          0          0          0          0       7576   stm32f7xx_hal_rcc_ex.o
       744          0          0          0          0      11796   stm32f7xx_hal_spdifrx.o
      1154         52          0          0          0      21798   stm32f7xx_hal_uart.o
        56          0          0          0          0       1258   stm32f7xx_it.o
        26          0         24          4          0       3464   system_stm32f7xx.o
      3380          8          0          0          0      89691   transformfunctions.o

    ----------------------------------------------------------------------
     12162        234       2638         12      26444     238454   Object Totals
         0          0         32          0          0          0   (incl. Generated)
       280         24          3          3          3          0   (incl. Padding)

    ----------------------------------------------------------------------

      Code (inc. data)   RO Data    RW Data    ZI Data      Debug   Library Member Name

        32          6          0          0          0         84   __0scanf.o
         8          0          0          0          0         68   __main.o
       104          0          0          0          0         84   __printf.o
         0          0          0          0          0          0   __rtentry.o
        12          0          0          0          0          0   __rtentry2.o
         6          0          0          0          0          0   __rtentry4.o
        52          8          0          0          0          0   __scatter.o
        26          0          0          0          0          0   __scatter_copy.o
        28          0          0          0          0          0   __scatter_zi.o
        48          6          0          0          0         96   _printf_char_common.o
        36          4          0          0          0         80   _printf_char_file.o
         6          0          0          0          0          0   _printf_d.o
       120         16          0          0          0         92   _printf_dec.o
       178          0          0          0          0         88   _printf_intcommon.o
         0          0          0          0          0          0   _printf_percent.o
         4          0          0          0          0          0   _printf_percent_end.o
        22          0          0          0          0        100   _rserrno.o
       884          6          0          0          0        100   _scanf.o
       224          0          0          0          0         96   _scanf_str.o
        72          0          0          0          0         92   backspace.o
        10          0          0          0          0         68   defsig_exit.o
        50          0          0          0          0         88   defsig_general.o
        80         58          0          0          0         76   defsig_rtmem_inner.o
        14          0          0          0          0         80   defsig_rtmem_outer.o
        52         38          0          0          0         76   defsig_rtred_inner.o
        14          0          0          0          0         80   defsig_rtred_outer.o
        18          0          0          0          0         80   exit.o
        76          0          0          0          0         88   fclose.o
         8          0          0          0          0         68   ferror.o
       100          4          0          0          0        120   fflush.o
        24          0          0          0          0         68   fgetc.o
       570          0          0          0          0        132   filbuf.o
       470          0          0          0          0         88   flsbuf.o
        56          6          0          0          0         80   flushlinebuffered.o
       240          6          0          0          0        128   fopen.o
        26          0          0          0          0         68   fputc.o
       248          6          0          0          0         84   fseek.o
        66          0          0          0          0         76   ftell.o
        94          0          0          0          0         80   h1_alloc.o
        52          0          0          0          0         68   h1_extend.o
        78          0          0          0          0         80   h1_free.o
        14          0          0          0          0         84   h1_init.o
         6          0          0          0          0        152   heapauxi.o
         4          0          0          0          0        136   hguard.o
         0          0          0          0          0          0   indicate_semi.o
       138          0          0          0          0        168   init_alloc.o
       312         46          0          0          0        112   initio.o
        18          0          0          0          0         76   isspace.o
        44         10        272          0          0         76   lc_ctype_c.o
         2          0          0          0          0          0   libinit.o
        36          0          0          0          0          0   libinit2.o
         2          0          0          0          0          0   libshutdown.o
         6          0          0          0          0          0   libshutdown2.o
         8          4          0          0         96         68   libspace.o
       240          0          0          0          0        100   lludivv7m.o
         0          0          0          0          0          0   maybetermalloc1.o
        24          4          0          0          0         84   noretval__2printf.o
        44          4          0          0          0         84   puts.o
        16          4          0          0          0         76   rt_ctype_table.o
         8          4          0          0          0         68   rt_errno_addr_intlibspace.o
         8          4          0          0          0         68   rt_heap_descriptor_intlibspace.o
         8          4          0          0          0         68   rt_locale_intlibspace.o
        78          0          0          0          0         80   rt_memclr_w.o
         2          0          0          0          0          0   rtexit.o
        10          0          0          0          0          0   rtexit2.o
        44          8          0          0          0         84   scanf_char.o
        24          8          0          0          0         68   scanf_char_file.o
        70          0          0          0          0         80   setvbuf.o
       240          6          0          0          0        156   stdio.o
         0          0          0         12        252          0   stdio_streams.o
       124          0          0          0          0         88   strcmpv7m_pel.o
        12          4          0          0          0         68   sys_exit.o
        74          0          0          0          0         80   sys_stackheap_outer.o
        14          0          0          0          0         76   sys_wrch.o
        72         12          0          0          0         68   ungetc.o
         2          0          0          0          0         68   use_no_semi.o
        26          0          0          0          0        116   fpinit.o
         0          0          0          0          0          0   usenofp.o
        58          0          0          0          0        136   sqrtf.o

    ----------------------------------------------------------------------
      6012        286        272         12        348       5344   Library Totals
        16          0          0          0          0          0   (incl. Padding)

    ----------------------------------------------------------------------

      Code (inc. data)   RO Data    RW Data    ZI Data      Debug   Library Name

      5912        286        272         12        348       5092   c_w.l
        26          0          0          0          0        116   fz_wv.l
        58          0          0          0          0        136   m_wv.l

    ----------------------------------------------------------------------
      6012        286        272         12        348       5344   Library Totals

    ----------------------------------------------------------------------

==============================================================================


      Code (inc. data)   RO Data    RW Data    ZI Data      Debug   

     18174        520       2910         24      26792     240666   Grand Totals
     18174        520       2910         24      26792     240666   ELF Image Totals
     18174        520       2910         24          0          0   ROM Totals

==============================================================================

    Total RO  Size (Code + RO Data)                21084 (  20.59kB)
    Total RW  Size (RW Data + ZI Data)             26816 (  26.19kB)
    Total ROM Size (Code + RO Data + RW Data)      21108 (  20.61kB)

==============================================================================

